Archive member included to satisfy reference by file (symbol)

/opt/st/stm32cubeide_1.16.0/plugins/com.st.stm32cube.ide.mcu.externaltools.gnu-tools-for-stm32.12.3.rel1.linux64_1.0.200.202406132123/tools/bin/../lib/gcc/arm-none-eabi/12.3.1/../../../../arm-none-eabi/lib/thumb/v7e-m+fp/hard/libc_nano.a(libc_a-exit.o)
                              /opt/st/stm32cubeide_1.16.0/plugins/com.st.stm32cube.ide.mcu.externaltools.gnu-tools-for-stm32.12.3.rel1.linux64_1.0.200.202406132123/tools/bin/../lib/gcc/arm-none-eabi/12.3.1/../../../../arm-none-eabi/lib/thumb/v7e-m+fp/hard/crt0.o (exit)
/opt/st/stm32cubeide_1.16.0/plugins/com.st.stm32cube.ide.mcu.externaltools.gnu-tools-for-stm32.12.3.rel1.linux64_1.0.200.202406132123/tools/bin/../lib/gcc/arm-none-eabi/12.3.1/../../../../arm-none-eabi/lib/thumb/v7e-m+fp/hard/libc_nano.a(libc_a-malloc.o)
                              ./Middlewares/ST/STM32_USB_Host_Library/Class/CDC/Src/usbh_cdc.o (malloc)
/opt/st/stm32cubeide_1.16.0/plugins/com.st.stm32cube.ide.mcu.externaltools.gnu-tools-for-stm32.12.3.rel1.linux64_1.0.200.202406132123/tools/bin/../lib/gcc/arm-none-eabi/12.3.1/../../../../arm-none-eabi/lib/thumb/v7e-m+fp/hard/libc_nano.a(libc_a-mallocr.o)
                              /opt/st/stm32cubeide_1.16.0/plugins/com.st.stm32cube.ide.mcu.externaltools.gnu-tools-for-stm32.12.3.rel1.linux64_1.0.200.202406132123/tools/bin/../lib/gcc/arm-none-eabi/12.3.1/../../../../arm-none-eabi/lib/thumb/v7e-m+fp/hard/libc_nano.a(libc_a-malloc.o) (_malloc_r)
/opt/st/stm32cubeide_1.16.0/plugins/com.st.stm32cube.ide.mcu.externaltools.gnu-tools-for-stm32.12.3.rel1.linux64_1.0.200.202406132123/tools/bin/../lib/gcc/arm-none-eabi/12.3.1/../../../../arm-none-eabi/lib/thumb/v7e-m+fp/hard/libc_nano.a(libc_a-mlock.o)
                              /opt/st/stm32cubeide_1.16.0/plugins/com.st.stm32cube.ide.mcu.externaltools.gnu-tools-for-stm32.12.3.rel1.linux64_1.0.200.202406132123/tools/bin/../lib/gcc/arm-none-eabi/12.3.1/../../../../arm-none-eabi/lib/thumb/v7e-m+fp/hard/libc_nano.a(libc_a-mallocr.o) (__malloc_lock)
/opt/st/stm32cubeide_1.16.0/plugins/com.st.stm32cube.ide.mcu.externaltools.gnu-tools-for-stm32.12.3.rel1.linux64_1.0.200.202406132123/tools/bin/../lib/gcc/arm-none-eabi/12.3.1/../../../../arm-none-eabi/lib/thumb/v7e-m+fp/hard/libc_nano.a(libc_a-findfp.o)
                              /opt/st/stm32cubeide_1.16.0/plugins/com.st.stm32cube.ide.mcu.externaltools.gnu-tools-for-stm32.12.3.rel1.linux64_1.0.200.202406132123/tools/bin/../lib/gcc/arm-none-eabi/12.3.1/../../../../arm-none-eabi/lib/thumb/v7e-m+fp/hard/libc_nano.a(libc_a-exit.o) (__stdio_exit_handler)
/opt/st/stm32cubeide_1.16.0/plugins/com.st.stm32cube.ide.mcu.externaltools.gnu-tools-for-stm32.12.3.rel1.linux64_1.0.200.202406132123/tools/bin/../lib/gcc/arm-none-eabi/12.3.1/../../../../arm-none-eabi/lib/thumb/v7e-m+fp/hard/libc_nano.a(libc_a-fwalk.o)
                              /opt/st/stm32cubeide_1.16.0/plugins/com.st.stm32cube.ide.mcu.externaltools.gnu-tools-for-stm32.12.3.rel1.linux64_1.0.200.202406132123/tools/bin/../lib/gcc/arm-none-eabi/12.3.1/../../../../arm-none-eabi/lib/thumb/v7e-m+fp/hard/libc_nano.a(libc_a-findfp.o) (_fwalk_sglue)
/opt/st/stm32cubeide_1.16.0/plugins/com.st.stm32cube.ide.mcu.externaltools.gnu-tools-for-stm32.12.3.rel1.linux64_1.0.200.202406132123/tools/bin/../lib/gcc/arm-none-eabi/12.3.1/../../../../arm-none-eabi/lib/thumb/v7e-m+fp/hard/libc_nano.a(libc_a-stdio.o)
                              /opt/st/stm32cubeide_1.16.0/plugins/com.st.stm32cube.ide.mcu.externaltools.gnu-tools-for-stm32.12.3.rel1.linux64_1.0.200.202406132123/tools/bin/../lib/gcc/arm-none-eabi/12.3.1/../../../../arm-none-eabi/lib/thumb/v7e-m+fp/hard/libc_nano.a(libc_a-findfp.o) (__sread)
/opt/st/stm32cubeide_1.16.0/plugins/com.st.stm32cube.ide.mcu.externaltools.gnu-tools-for-stm32.12.3.rel1.linux64_1.0.200.202406132123/tools/bin/../lib/gcc/arm-none-eabi/12.3.1/../../../../arm-none-eabi/lib/thumb/v7e-m+fp/hard/libc_nano.a(libc_a-memset.o)
                              /opt/st/stm32cubeide_1.16.0/plugins/com.st.stm32cube.ide.mcu.externaltools.gnu-tools-for-stm32.12.3.rel1.linux64_1.0.200.202406132123/tools/bin/../lib/gcc/arm-none-eabi/12.3.1/../../../../arm-none-eabi/lib/thumb/v7e-m+fp/hard/crt0.o (memset)
/opt/st/stm32cubeide_1.16.0/plugins/com.st.stm32cube.ide.mcu.externaltools.gnu-tools-for-stm32.12.3.rel1.linux64_1.0.200.202406132123/tools/bin/../lib/gcc/arm-none-eabi/12.3.1/../../../../arm-none-eabi/lib/thumb/v7e-m+fp/hard/libc_nano.a(libc_a-closer.o)
                              /opt/st/stm32cubeide_1.16.0/plugins/com.st.stm32cube.ide.mcu.externaltools.gnu-tools-for-stm32.12.3.rel1.linux64_1.0.200.202406132123/tools/bin/../lib/gcc/arm-none-eabi/12.3.1/../../../../arm-none-eabi/lib/thumb/v7e-m+fp/hard/libc_nano.a(libc_a-stdio.o) (_close_r)
[...]
Memory Configuration

Name             Origin             Length             Attributes
CCMRAM           0x10000000         0x00010000         xrw
RAM              0x20000000         0x00030000         xrw
FLASH            0x08000000         0x00200000         xr
*default*        0x00000000         0xffffffff

Linker script and memory map

LOAD /opt/st/stm32cubeide_1.16.0/plugins/com.st.stm32cube.ide.mcu.externaltools.gnu-tools-for-stm32.12.3.rel1.linux64_1.0.200.202406132123/tools/bin/../lib/gcc/arm-none-eabi/12.3.1/thumb/v7e-m+fp/hard/crti.o
LOAD /opt/st/stm32cubeide_1.16.0/plugins/com.st.stm32cube.ide.mcu.externaltools.gnu-tools-for-stm32.12.3.rel1.linux64_1.0.200.202406132123/tools/bin/../lib/gcc/arm-none-eabi/12.3.1/thumb/v7e-m+fp/hard/crtbegin.o
LOAD /opt/st/stm32cubeide_1.16.0/plugins/com.st.stm32cube.ide.mcu.externaltools.gnu-tools-for-stm32.12.3.rel1.linux64_1.0.200.202406132123/tools/bin/../lib/gcc/arm-none-eabi/12.3.1/../../../../arm-none-eabi/lib/thumb/v7e-m+fp/hard/crt0.o
LOAD ./Core/Src/bin_ble.o
LOAD ./Core/Src/bin_cyan_blink.o
LOAD ./Core/Src/freertos.o
LOAD ./Core/Src/main.o
LOAD ./Core/Src/stm32f4xx_hal_msp.o
LOAD ./Core/Src/stm32f4xx_hal_timebase_tim.o
LOAD ./Core/Src/stm32f4xx_it.o
LOAD ./Core/Src/syscalls.o
LOAD ./Core/Src/sysmem.o
LOAD ./Core/Src/system_stm32f4xx.o
LOAD ./Core/Startup/startup_stm32f429zitx.o
LOAD ./Drivers/STM32F4xx_HAL_Driver/Src/stm32f4xx_hal.o
LOAD ./Drivers/STM32F4xx_HAL_Driver/Src/stm32f4xx_hal_cortex.o
LOAD ./Drivers/STM32F4xx_HAL_Driver/Src/stm32f4xx_hal_crc.o
LOAD ./Drivers/STM32F4xx_HAL_Driver/Src/stm32f4xx_hal_dma.o
LOAD ./Drivers/STM32F4xx_HAL_Driver/Src/stm32f4xx_hal_dma2d.o
LOAD ./Drivers/STM32F4xx_HAL_Driver/Src/stm32f4xx_hal_dma_ex.o
LOAD ./Drivers/STM32F4xx_HAL_Driver/Src/stm32f4xx_hal_dsi.o
LOAD ./Drivers/STM32F4xx_HAL_Driver/Src/stm32f4xx_hal_exti.o
LOAD ./Drivers/STM32F4xx_HAL_Driver/Src/stm32f4xx_hal_flash.o
LOAD ./Drivers/STM32F4xx_HAL_Driver/Src/stm32f4xx_hal_flash_ex.o
LOAD ./Drivers/STM32F4xx_HAL_Driver/Src/stm32f4xx_hal_flash_ramfunc.o
LOAD ./Drivers/STM32F4xx_HAL_Driver/Src/stm32f4xx_hal_gpio.o
LOAD ./Drivers/STM32F4xx_HAL_Driver/Src/stm32f4xx_hal_hcd.o
LOAD ./Drivers/STM32F4xx_HAL_Driver/Src/stm32f4xx_hal_i2c.o
LOAD ./Drivers/STM32F4xx_HAL_Driver/Src/stm32f4xx_hal_i2c_ex.o
LOAD ./Drivers/STM32F4xx_HAL_Driver/Src/stm32f4xx_hal_ltdc.o
LOAD ./Drivers/STM32F4xx_HAL_Driver/Src/stm32f4xx_hal_ltdc_ex.o
LOAD ./Drivers/STM32F4xx_HAL_Driver/Src/stm32f4xx_hal_pwr.o
LOAD ./Drivers/STM32F4xx_HAL_Driver/Src/stm32f4xx_hal_pwr_ex.o
LOAD ./Drivers/STM32F4xx_HAL_Driver/Src/stm32f4xx_hal_rcc.o
LOAD ./Drivers/STM32F4xx_HAL_Driver/Src/stm32f4xx_hal_rcc_ex.o
LOAD ./Drivers/STM32F4xx_HAL_Driver/Src/stm32f4xx_hal_sdram.o
LOAD ./Drivers/STM32F4xx_HAL_Driver/Src/stm32f4xx_hal_spi.o
LOAD ./Drivers/STM32F4xx_HAL_Driver/Src/stm32f4xx_hal_tim.o
LOAD ./Drivers/STM32F4xx_HAL_Driver/Src/stm32f4xx_hal_tim_ex.o
LOAD ./Drivers/STM32F4xx_HAL_Driver/Src/stm32f4xx_hal_uart.o
LOAD ./Drivers/STM32F4xx_HAL_Driver/Src/stm32f4xx_ll_fmc.o
LOAD ./Drivers/STM32F4xx_HAL_Driver/Src/stm32f4xx_ll_usb.o
LOAD ./Middlewares/ST/STM32_USB_Host_Library/Class/CDC/Src/usbh_cdc.o
LOAD ./Middlewares/ST/STM32_USB_Host_Library/Core/Src/usbh_core.o
LOAD ./Middlewares/ST/STM32_USB_Host_Library/Core/Src/usbh_ctlreq.o
LOAD ./Middlewares/ST/STM32_USB_Host_Library/Core/Src/usbh_ioreq.o
LOAD ./Middlewares/ST/STM32_USB_Host_Library/Core/Src/usbh_pipes.o
LOAD ./Middlewares/Third_Party/FreeRTOS/Source/CMSIS_RTOS/cmsis_os.o
LOAD ./Middlewares/Third_Party/FreeRTOS/Source/croutine.o
LOAD ./Middlewares/Third_Party/FreeRTOS/Source/event_groups.o
LOAD ./Middlewares/Third_Party/FreeRTOS/Source/list.o
LOAD ./Middlewares/Third_Party/FreeRTOS/Source/queue.o
LOAD ./Middlewares/Third_Party/FreeRTOS/Source/stream_buffer.o
LOAD ./Middlewares/Third_Party/FreeRTOS/Source/tasks.o
LOAD ./Middlewares/Third_Party/FreeRTOS/Source/timers.o
LOAD ./Middlewares/Third_Party/FreeRTOS/Source/portable/GCC/ARM_CM4F/port.o
LOAD ./Middlewares/Third_Party/FreeRTOS/Source/portable/MemMang/heap_4.o
LOAD ./USB_HOST/App/usb_host.o
LOAD ./USB_HOST/Target/usbh_conf.o
LOAD ./USB_HOST/Target/usbh_platform.o
START GROUP
LOAD /opt/st/stm32cubeide_1.16.0/plugins/com.st.stm32cube.ide.mcu.externaltools.gnu-tools-for-stm32.12.3.rel1.linux64_1.0.200.202406132123/tools/bin/../lib/gcc/arm-none-eabi/12.3.1/../../../../arm-none-eabi/lib/thumb/v7e-m+fp/hard/libc_nano.a
LOAD /opt/st/stm32cubeide_1.16.0/plugins/com.st.stm32cube.ide.mcu.externaltools.gnu-tools-for-stm32.12.3.rel1.linux64_1.0.200.202406132123/tools/bin/../lib/gcc/arm-none-eabi/12.3.1/../../../../arm-none-eabi/lib/thumb/v7e-m+fp/hard/libm.a
END GROUP
START GROUP
LOAD /opt/st/stm32cubeide_1.16.0/plugins/com.st.stm32cube.ide.mcu.externaltools.gnu-tools-for-stm32.12.3.rel1.linux64_1.0.200.202406132123/tools/bin/../lib/gcc/arm-none-eabi/12.3.1/thumb/v7e-m+fp/hard/libgcc.a
LOAD /opt/st/stm32cubeide_1.16.0/plugins/com.st.stm32cube.ide.mcu.externaltools.gnu-tools-for-stm32.12.3.rel1.linux64_1.0.200.202406132123/tools/bin/../lib/gcc/arm-none-eabi/12.3.1/../../../../arm-none-eabi/lib/thumb/v7e-m+fp/hard/libc_nano.a
END GROUP
START GROUP
LOAD /opt/st/stm32cubeide_1.16.0/plugins/com.st.stm32cube.ide.mcu.externaltools.gnu-tools-for-stm32.12.3.rel1.linux64_1.0.200.202406132123/tools/bin/../lib/gcc/arm-none-eabi/12.3.1/thumb/v7e-m+fp/hard/libgcc.a
LOAD /opt/st/stm32cubeide_1.16.0/plugins/com.st.stm32cube.ide.mcu.externaltools.gnu-tools-for-stm32.12.3.rel1.linux64_1.0.200.202406132123/tools/bin/../lib/gcc/arm-none-eabi/12.3.1/../../../../arm-none-eabi/lib/thumb/v7e-m+fp/hard/libc_nano.a
LOAD /opt/st/stm32cubeide_1.16.0/plugins/com.st.stm32cube.ide.mcu.externaltools.gnu-tools-for-stm32.12.3.rel1.linux64_1.0.200.202406132123/tools/bin/../lib/gcc/arm-none-eabi/12.3.1/../../../../arm-none-eabi/lib/thumb/v7e-m+fp/hard/libnosys.a
END GROUP
START GROUP
LOAD /opt/st/stm32cubeide_1.16.0/plugins/com.st.stm32cube.ide.mcu.externaltools.gnu-tools-for-stm32.12.3.rel1.linux64_1.0.200.202406132123/tools/bin/../lib/gcc/arm-none-eabi/12.3.1/thumb/v7e-m+fp/hard/libgcc.a
LOAD /opt/st/stm32cubeide_1.16.0/plugins/com.st.stm32cube.ide.mcu.externaltools.gnu-tools-for-stm32.12.3.rel1.linux64_1.0.200.202406132123/tools/bin/../lib/gcc/arm-none-eabi/12.3.1/../../../../arm-none-eabi/lib/thumb/v7e-m+fp/hard/libc_nano.a
LOAD /opt/st/stm32cubeide_1.16.0/plugins/com.st.stm32cube.ide.mcu.externaltools.gnu-tools-for-stm32.12.3.rel1.linux64_1.0.200.202406132123/tools/bin/../lib/gcc/arm-none-eabi/12.3.1/../../../../arm-none-eabi/lib/thumb/v7e-m+fp/hard/libnosys.a
END GROUP
LOAD /opt/st/stm32cubeide_1.16.0/plugins/com.st.stm32cube.ide.mcu.externaltools.gnu-tools-for-stm32.12.3.rel1.linux64_1.0.200.202406132123/tools/bin/../lib/gcc/arm-none-eabi/12.3.1/thumb/v7e-m+fp/hard/crtend.o
LOAD /opt/st/stm32cubeide_1.16.0/plugins/com.st.stm32cube.ide.mcu.externaltools.gnu-tools-for-stm32.12.3.rel1.linux64_1.0.200.202406132123/tools/bin/../lib/gcc/arm-none-eabi/12.3.1/thumb/v7e-m+fp/hard/crtn.o
                0x20030000                        _estack = (ORIGIN (RAM) + LENGTH (RAM))
                0x00000200                        _Min_Heap_Size = 0x200
                0x00000400                        _Min_Stack_Size = 0x400

.isr_vector     0x08000000      0x1ac
                0x08000000                        . = ALIGN (0x4)
 *(.isr_vector)
 .isr_vector    0x08000000      0x1ac ./Core/Startup/startup_stm32f429zitx.o
                0x08000000                g_pfnVectors
                0x080001ac                        . = ALIGN (0x4)

.text           0x080001b0     0xd534
                0x080001b0                        . = ALIGN (0x4)
 *(.text)
 .text          0x080001b0       0x40 /opt/st/stm32cubeide_1.16.0/plugins/com.st.stm32cube.ide.mcu.externaltools.gnu-tools-for-stm32.12.3.rel1.linux64_1.0.200.202406132123/tools/bin/../lib/gcc/arm-none-eabi/12.3.1/thumb/v7e-m+fp/hard/crtbegin.o
 .text          0x080001f0       0x30 /opt/st/stm32cubeide_1.16.0/plugins/com.st.stm32cube.ide.mcu.externaltools.gnu-tools-for-stm32.12.3.rel1.linux64_1.0.200.202406132123/tools/bin/../lib/gcc/arm-none-eabi/12.3.1/thumb/v7e-m+fp/hard/libgcc.a(_aeabi_uldivmod.o)
                0x080001f0                __aeabi_uldivmod
 .text          0x08000220      0x2bc /opt/st/stm32cubeide_1.16.0/plugins/com.st.stm32cube.ide.mcu.externaltools.gnu-tools-for-stm32.12.3.rel1.linux64_1.0.200.202406132123/tools/bin/../lib/gcc/arm-none-eabi/12.3.1/thumb/v7e-m+fp/hard/libgcc.a(_udivmoddi4.o)
                0x08000220                __udivmoddi4
 .text          0x080004dc        0x4 /opt/st/stm32cubeide_1.16.0/plugins/com.st.stm32cube.ide.mcu.externaltools.gnu-tools-for-stm32.12.3.rel1.linux64_1.0.200.202406132123/tools/bin/../lib/gcc/arm-none-eabi/12.3.1/thumb/v7e-m+fp/hard/libgcc.a(_dvmd_tls.o)
                0x080004dc                __aeabi_ldiv0
                0x080004dc                __aeabi_idiv0
 *(.text*)
 .text.vApplicationIdleHook
                0x080004e0        0xe ./Core/Src/freertos.o
                0x080004e0                vApplicationIdleHook
 .text.vApplicationStackOverflowHook
                0x080004ee       0x16 ./Core/Src/freertos.o
                0x080004ee                vApplicationStackOverflowHook
 .text.vApplicationMallocFailedHook
                0x08000504        0xe ./Core/Src/freertos.o
                0x08000504                vApplicationMallocFailedHook
 *fill*         0x08000512        0x2 
 .text.vApplicationGetIdleTaskMemory
                0x08000514       0x34 ./Core/Src/freertos.o
                0x08000514                vApplicationGetIdleTaskMemory
 .text.main     0x08000548       0x68 ./Core/Src/main.o
                0x08000548                main
 .text.SystemClock_Config
                0x080005b0       0xd4 ./Core/Src/main.o
                0x080005b0                SystemClock_Config
 .text.MX_CRC_Init
                0x08000684       0x28 ./Core/Src/main.o
 .text.MX_DMA2D_Init
                0x080006ac       0x64 ./Core/Src/main.o
 .text.MX_I2C3_Init
                0x08000710       0x80 ./Core/Src/main.o
 .text.MX_LTDC_Init
                0x08000790      0x100 ./Core/Src/main.o
 .text.MX_SPI5_Init
                0x08000890       0x6c ./Core/Src/main.o
 .text.MX_TIM1_Init
                0x080008fc       0xa0 ./Core/Src/main.o
 .text.MX_UART5_Init
                0x0800099c       0x54 ./Core/Src/main.o
 .text.MX_USART1_UART_Init
                0x080009f0       0x54 ./Core/Src/main.o
 .text.MX_FMC_Init
                0x08000a44       0xa0 ./Core/Src/main.o
 .text.MX_GPIO_Init
                0x08000ae4      0x220 ./Core/Src/main.o
 .text.StartDefaultTask
                0x08000d04       0xc4 ./Core/Src/main.o
                0x08000d04                StartDefaultTask
 .text.HAL_TIM_PeriodElapsedCallback
                0x08000dc8       0x24 ./Core/Src/main.o
                0x08000dc8                HAL_TIM_PeriodElapsedCallback
 .text.Error_Handler
                0x08000dec        0xc ./Core/Src/main.o
                0x08000dec                Error_Handler
 .text.HAL_MspInit
                0x08000df8       0x58 ./Core/Src/stm32f4xx_hal_msp.o
                0x08000df8                HAL_MspInit
 .text.HAL_CRC_MspInit
                0x08000e50       0x44 ./Core/Src/stm32f4xx_hal_msp.o
                0x08000e50                HAL_CRC_MspInit
 .text.HAL_DMA2D_MspInit
                0x08000e94       0x50 ./Core/Src/stm32f4xx_hal_msp.o
                0x08000e94                HAL_DMA2D_MspInit
 .text.HAL_I2C_MspInit
                0x08000ee4       0xd4 ./Core/Src/stm32f4xx_hal_msp.o
                0x08000ee4                HAL_I2C_MspInit
 .text.HAL_LTDC_MspInit
                0x08000fb8      0x260 ./Core/Src/stm32f4xx_hal_msp.o
                0x08000fb8                HAL_LTDC_MspInit
 .text.HAL_SPI_MspInit
                0x08001218       0x90 ./Core/Src/stm32f4xx_hal_msp.o
                0x08001218                HAL_SPI_MspInit
 .text.HAL_TIM_Base_MspInit
                0x080012a8       0x44 ./Core/Src/stm32f4xx_hal_msp.o
                0x080012a8                HAL_TIM_Base_MspInit
 .text.HAL_UART_MspInit
                0x080012ec      0x140 ./Core/Src/stm32f4xx_hal_msp.o
                0x080012ec                HAL_UART_MspInit
 .text.HAL_FMC_MspInit
                0x0800142c      0x124 ./Core/Src/stm32f4xx_hal_msp.o
 .text.HAL_SDRAM_MspInit
                0x08001550       0x14 ./Core/Src/stm32f4xx_hal_msp.o
                0x08001550                HAL_SDRAM_MspInit
 .text.HAL_InitTick
                0x08001564       0xf8 ./Core/Src/stm32f4xx_hal_timebase_tim.o
                0x08001564                HAL_InitTick
 .text.NMI_Handler
                0x0800165c        0x8 ./Core/Src/stm32f4xx_it.o
                0x0800165c                NMI_Handler
 .text.HardFault_Handler
                0x08001664        0x8 ./Core/Src/stm32f4xx_it.o
                0x08001664                HardFault_Handler
 .text.MemManage_Handler
                0x0800166c        0x8 ./Core/Src/stm32f4xx_it.o
                0x0800166c                MemManage_Handler
 .text.BusFault_Handler
                0x08001674        0x8 ./Core/Src/stm32f4xx_it.o
                0x08001674                BusFault_Handler
 .text.UsageFault_Handler
                0x0800167c        0x8 ./Core/Src/stm32f4xx_it.o
                0x0800167c                UsageFault_Handler
 .text.DebugMon_Handler
                0x08001684        0xe ./Core/Src/stm32f4xx_it.o
                0x08001684                DebugMon_Handler
 *fill*         0x08001692        0x2 
 .text.TIM6_DAC_IRQHandler
                0x08001694       0x14 ./Core/Src/stm32f4xx_it.o
                0x08001694                TIM6_DAC_IRQHandler
 .text.OTG_HS_IRQHandler
                0x080016a8       0x14 ./Core/Src/stm32f4xx_it.o
                0x080016a8                OTG_HS_IRQHandler
 .text.LTDC_IRQHandler
                0x080016bc       0x14 ./Core/Src/stm32f4xx_it.o
                0x080016bc                LTDC_IRQHandler
 .text.DMA2D_IRQHandler
                0x080016d0       0x14 ./Core/Src/stm32f4xx_it.o
                0x080016d0                DMA2D_IRQHandler
 .text._sbrk    0x080016e4       0x6c ./Core/Src/sysmem.o
                0x080016e4                _sbrk
 .text.SystemInit
                0x08001750       0x24 ./Core/Src/system_stm32f4xx.o
                0x08001750                SystemInit
 .text.Reset_Handler
                0x08001774       0x50 ./Core/Startup/startup_stm32f429zitx.o
                0x08001774                Reset_Handler
 .text.Default_Handler
                0x080017c4        0x2 ./Core/Startup/startup_stm32f429zitx.o
                0x080017c4                RTC_Alarm_IRQHandler
                0x080017c4                HASH_RNG_IRQHandler
                0x080017c4                EXTI2_IRQHandler
                0x080017c4                TIM8_CC_IRQHandler
                0x080017c4                UART8_IRQHandler
                0x080017c4                SPI4_IRQHandler
                0x080017c4                TIM1_CC_IRQHandler
                0x080017c4                DMA2_Stream5_IRQHandler
                0x080017c4                DMA1_Stream5_IRQHandler
                0x080017c4                PVD_IRQHandler
                0x080017c4                SDIO_IRQHandler
                0x080017c4                TAMP_STAMP_IRQHandler
                0x080017c4                CAN2_RX1_IRQHandler
                0x080017c4                EXTI3_IRQHandler
                0x080017c4                TIM8_TRG_COM_TIM14_IRQHandler
                0x080017c4                TIM1_UP_TIM10_IRQHandler
                0x080017c4                TIM8_UP_TIM13_IRQHandler
                0x080017c4                I2C3_ER_IRQHandler
                0x080017c4                EXTI0_IRQHandler
                0x080017c4                I2C2_EV_IRQHandler
                0x080017c4                DMA1_Stream2_IRQHandler
                0x080017c4                CAN1_RX0_IRQHandler
                0x080017c4                FPU_IRQHandler
                0x080017c4                OTG_HS_WKUP_IRQHandler
                0x080017c4                LTDC_ER_IRQHandler
                0x080017c4                CAN2_SCE_IRQHandler
                0x080017c4                DMA2_Stream2_IRQHandler
                0x080017c4                SPI1_IRQHandler
                0x080017c4                TIM1_BRK_TIM9_IRQHandler
                0x080017c4                DCMI_IRQHandler
                0x080017c4                CAN2_RX0_IRQHandler
                0x080017c4                DMA2_Stream3_IRQHandler
                0x080017c4                USART6_IRQHandler
                0x080017c4                USART3_IRQHandler
                0x080017c4                CAN1_RX1_IRQHandler
                0x080017c4                UART5_IRQHandler
                0x080017c4                DMA2_Stream0_IRQHandler
                0x080017c4                TIM4_IRQHandler
                0x080017c4                I2C1_EV_IRQHandler
                0x080017c4                DMA1_Stream6_IRQHandler
                0x080017c4                DMA1_Stream1_IRQHandler
                0x080017c4                UART4_IRQHandler
                0x080017c4                TIM3_IRQHandler
                0x080017c4                RCC_IRQHandler
                0x080017c4                TIM8_BRK_TIM12_IRQHandler
                0x080017c4                Default_Handler
                0x080017c4                EXTI15_10_IRQHandler
                0x080017c4                ADC_IRQHandler
                0x080017c4                DMA1_Stream7_IRQHandler
                0x080017c4                SPI5_IRQHandler
                0x080017c4                TIM7_IRQHandler
                0x080017c4                CAN2_TX_IRQHandler
                0x080017c4                TIM5_IRQHandler
                0x080017c4                DMA2_Stream7_IRQHandler
                0x080017c4                I2C3_EV_IRQHandler
                0x080017c4                EXTI9_5_IRQHandler
                0x080017c4                RTC_WKUP_IRQHandler
                0x080017c4                ETH_WKUP_IRQHandler
                0x080017c4                SPI2_IRQHandler
                0x080017c4                OTG_HS_EP1_IN_IRQHandler
                0x080017c4                DMA1_Stream0_IRQHandler
                0x080017c4                CAN1_TX_IRQHandler
                0x080017c4                EXTI4_IRQHandler
                0x080017c4                ETH_IRQHandler
                0x080017c4                OTG_HS_EP1_OUT_IRQHandler
                0x080017c4                WWDG_IRQHandler
                0x080017c4                SPI6_IRQHandler
                0x080017c4                TIM2_IRQHandler
                0x080017c4                OTG_FS_WKUP_IRQHandler
                0x080017c4                TIM1_TRG_COM_TIM11_IRQHandler
                0x080017c4                EXTI1_IRQHandler
                0x080017c4                UART7_IRQHandler
                0x080017c4                USART2_IRQHandler
                0x080017c4                I2C2_ER_IRQHandler
                0x080017c4                DMA2_Stream1_IRQHandler
                0x080017c4                CAN1_SCE_IRQHandler
                0x080017c4                FLASH_IRQHandler
                0x080017c4                DMA2_Stream4_IRQHandler
                0x080017c4                USART1_IRQHandler
                0x080017c4                OTG_FS_IRQHandler
                0x080017c4                SPI3_IRQHandler
                0x080017c4                DMA1_Stream4_IRQHandler
                0x080017c4                I2C1_ER_IRQHandler
                0x080017c4                FMC_IRQHandler
                0x080017c4                DMA2_Stream6_IRQHandler
                0x080017c4                SAI1_IRQHandler
                0x080017c4                DMA1_Stream3_IRQHandler
 *fill*         0x080017c6        0x2 
 .text.HAL_Init
                0x080017c8       0x44 ./Drivers/STM32F4xx_HAL_Driver/Src/stm32f4xx_hal.o
                0x080017c8                HAL_Init
 .text.HAL_IncTick
                0x0800180c       0x28 ./Drivers/STM32F4xx_HAL_Driver/Src/stm32f4xx_hal.o
                0x0800180c                HAL_IncTick
 .text.HAL_GetTick
                0x08001834       0x18 ./Drivers/STM32F4xx_HAL_Driver/Src/stm32f4xx_hal.o
                0x08001834                HAL_GetTick
 .text.HAL_Delay
                0x0800184c       0x48 ./Drivers/STM32F4xx_HAL_Driver/Src/stm32f4xx_hal.o
                0x0800184c                HAL_Delay
 .text.__NVIC_SetPriorityGrouping
                0x08001894       0x48 ./Drivers/STM32F4xx_HAL_Driver/Src/stm32f4xx_hal_cortex.o
 .text.__NVIC_GetPriorityGrouping
                0x080018dc       0x1c ./Drivers/STM32F4xx_HAL_Driver/Src/stm32f4xx_hal_cortex.o
 .text.__NVIC_EnableIRQ
                0x080018f8       0x3c ./Drivers/STM32F4xx_HAL_Driver/Src/stm32f4xx_hal_cortex.o
 .text.__NVIC_SetPriority
                0x08001934       0x54 ./Drivers/STM32F4xx_HAL_Driver/Src/stm32f4xx_hal_cortex.o
 .text.NVIC_EncodePriority
                0x08001988       0x66 ./Drivers/STM32F4xx_HAL_Driver/Src/stm32f4xx_hal_cortex.o
 .text.HAL_NVIC_SetPriorityGrouping
                0x080019ee       0x16 ./Drivers/STM32F4xx_HAL_Driver/Src/stm32f4xx_hal_cortex.o
                0x080019ee                HAL_NVIC_SetPriorityGrouping
 .text.HAL_NVIC_SetPriority
                0x08001a04       0x38 ./Drivers/STM32F4xx_HAL_Driver/Src/stm32f4xx_hal_cortex.o
                0x08001a04                HAL_NVIC_SetPriority
 .text.HAL_NVIC_EnableIRQ
                0x08001a3c       0x1c ./Drivers/STM32F4xx_HAL_Driver/Src/stm32f4xx_hal_cortex.o
                0x08001a3c                HAL_NVIC_EnableIRQ
 .text.HAL_CRC_Init
                0x08001a58       0x38 ./Drivers/STM32F4xx_HAL_Driver/Src/stm32f4xx_hal_crc.o
                0x08001a58                HAL_CRC_Init
 .text.HAL_DMA2D_Init
                0x08001a90       0x92 ./Drivers/STM32F4xx_HAL_Driver/Src/stm32f4xx_hal_dma2d.o
                0x08001a90                HAL_DMA2D_Init
 .text.HAL_DMA2D_IRQHandler
                0x08001b22      0x1f8 ./Drivers/STM32F4xx_HAL_Driver/Src/stm32f4xx_hal_dma2d.o
                0x08001b22                HAL_DMA2D_IRQHandler
 .text.HAL_DMA2D_LineEventCallback
                0x08001d1a       0x14 ./Drivers/STM32F4xx_HAL_Driver/Src/stm32f4xx_hal_dma2d.o
                0x08001d1a                HAL_DMA2D_LineEventCallback
 .text.HAL_DMA2D_CLUTLoadingCpltCallback
                0x08001d2e       0x14 ./Drivers/STM32F4xx_HAL_Driver/Src/stm32f4xx_hal_dma2d.o
                0x08001d2e                HAL_DMA2D_CLUTLoadingCpltCallback
 *fill*         0x08001d42        0x2 
 .text.HAL_DMA2D_ConfigLayer
                0x08001d44      0x124 ./Drivers/STM32F4xx_HAL_Driver/Src/stm32f4xx_hal_dma2d.o
                0x08001d44                HAL_DMA2D_ConfigLayer
 .text.HAL_GPIO_Init
                0x08001e68      0x358 ./Drivers/STM32F4xx_HAL_Driver/Src/stm32f4xx_hal_gpio.o
                0x08001e68                HAL_GPIO_Init
 .text.HAL_GPIO_WritePin
                0x080021c0       0x32 ./Drivers/STM32F4xx_HAL_Driver/Src/stm32f4xx_hal_gpio.o
                0x080021c0                HAL_GPIO_WritePin
 .text.HAL_GPIO_TogglePin
                0x080021f2       0x34 ./Drivers/STM32F4xx_HAL_Driver/Src/stm32f4xx_hal_gpio.o
                0x080021f2                HAL_GPIO_TogglePin
 .text.HAL_HCD_Init
                0x08002226       0xce ./Drivers/STM32F4xx_HAL_Driver/Src/stm32f4xx_hal_hcd.o
                0x08002226                HAL_HCD_Init
 .text.HAL_HCD_HC_Init
                0x080022f4      0x170 ./Drivers/STM32F4xx_HAL_Driver/Src/stm32f4xx_hal_hcd.o
                0x080022f4                HAL_HCD_HC_Init
 .text.HAL_HCD_HC_Halt
                0x08002464       0x46 ./Drivers/STM32F4xx_HAL_Driver/Src/stm32f4xx_hal_hcd.o
                0x08002464                HAL_HCD_HC_Halt
 *fill*         0x080024aa        0x2 
 .text.HAL_HCD_HC_SubmitRequest
                0x080024ac      0x33c ./Drivers/STM32F4xx_HAL_Driver/Src/stm32f4xx_hal_hcd.o
                0x080024ac                HAL_HCD_HC_SubmitRequest
 .text.HAL_HCD_IRQHandler
                0x080027e8      0x220 ./Drivers/STM32F4xx_HAL_Driver/Src/stm32f4xx_hal_hcd.o
                0x080027e8                HAL_HCD_IRQHandler
 .text.HAL_HCD_Start
                0x08002a08       0x46 ./Drivers/STM32F4xx_HAL_Driver/Src/stm32f4xx_hal_hcd.o
                0x08002a08                HAL_HCD_Start
 .text.HAL_HCD_Stop
                0x08002a4e       0x3a ./Drivers/STM32F4xx_HAL_Driver/Src/stm32f4xx_hal_hcd.o
                0x08002a4e                HAL_HCD_Stop
 .text.HAL_HCD_ResetPort
                0x08002a88       0x1c ./Drivers/STM32F4xx_HAL_Driver/Src/stm32f4xx_hal_hcd.o
                0x08002a88                HAL_HCD_ResetPort
 .text.HAL_HCD_HC_GetURBState
                0x08002aa4       0x2a ./Drivers/STM32F4xx_HAL_Driver/Src/stm32f4xx_hal_hcd.o
                0x08002aa4                HAL_HCD_HC_GetURBState
 .text.HAL_HCD_HC_GetXferCount
                0x08002ace       0x2a ./Drivers/STM32F4xx_HAL_Driver/Src/stm32f4xx_hal_hcd.o
                0x08002ace                HAL_HCD_HC_GetXferCount
 .text.HAL_HCD_GetCurrentFrame
                0x08002af8       0x1c ./Drivers/STM32F4xx_HAL_Driver/Src/stm32f4xx_hal_hcd.o
                0x08002af8                HAL_HCD_GetCurrentFrame
 .text.HAL_HCD_GetCurrentSpeed
                0x08002b14       0x1c ./Drivers/STM32F4xx_HAL_Driver/Src/stm32f4xx_hal_hcd.o
                0x08002b14                HAL_HCD_GetCurrentSpeed
 .text.HAL_HCD_HC_ClearHubInfo
                0x08002b30       0x6a ./Drivers/STM32F4xx_HAL_Driver/Src/stm32f4xx_hal_hcd.o
                0x08002b30                HAL_HCD_HC_ClearHubInfo
 .text.HCD_HC_IN_IRQHandler
                0x08002b9a      0xcd2 ./Drivers/STM32F4xx_HAL_Driver/Src/stm32f4xx_hal_hcd.o
 .text.HCD_HC_OUT_IRQHandler
                0x0800386c      0x94a ./Drivers/STM32F4xx_HAL_Driver/Src/stm32f4xx_hal_hcd.o
 .text.HCD_RXQLVL_IRQHandler
                0x080041b6      0x1be ./Drivers/STM32F4xx_HAL_Driver/Src/stm32f4xx_hal_hcd.o
 .text.HCD_Port_IRQHandler
                0x08004374       0xe6 ./Drivers/STM32F4xx_HAL_Driver/Src/stm32f4xx_hal_hcd.o
 *fill*         0x0800445a        0x2 
 .text.HAL_I2C_Init
                0x0800445c      0x288 ./Drivers/STM32F4xx_HAL_Driver/Src/stm32f4xx_hal_i2c.o
                0x0800445c                HAL_I2C_Init
 .text.HAL_I2CEx_ConfigAnalogFilter
                0x080046e4       0x78 ./Drivers/STM32F4xx_HAL_Driver/Src/stm32f4xx_hal_i2c_ex.o
                0x080046e4                HAL_I2CEx_ConfigAnalogFilter
 .text.HAL_I2CEx_ConfigDigitalFilter
                0x0800475c       0x7e ./Drivers/STM32F4xx_HAL_Driver/Src/stm32f4xx_hal_i2c_ex.o
                0x0800475c                HAL_I2CEx_ConfigDigitalFilter
 *fill*         0x080047da        0x2 
 .text.HAL_LTDC_Init
                0x080047dc      0x1a0 ./Drivers/STM32F4xx_HAL_Driver/Src/stm32f4xx_hal_ltdc.o
                0x080047dc                HAL_LTDC_Init
 .text.HAL_LTDC_IRQHandler
                0x0800497c      0x148 ./Drivers/STM32F4xx_HAL_Driver/Src/stm32f4xx_hal_ltdc.o
                0x0800497c                HAL_LTDC_IRQHandler
 .text.HAL_LTDC_ErrorCallback
                0x08004ac4       0x14 ./Drivers/STM32F4xx_HAL_Driver/Src/stm32f4xx_hal_ltdc.o
                0x08004ac4                HAL_LTDC_ErrorCallback
 .text.HAL_LTDC_LineEventCallback
                0x08004ad8       0x14 ./Drivers/STM32F4xx_HAL_Driver/Src/stm32f4xx_hal_ltdc.o
                0x08004ad8                HAL_LTDC_LineEventCallback
 .text.HAL_LTDC_ReloadEventCallback
                0x08004aec       0x14 ./Drivers/STM32F4xx_HAL_Driver/Src/stm32f4xx_hal_ltdc.o
                0x08004aec                HAL_LTDC_ReloadEventCallback
 .text.HAL_LTDC_ConfigLayer
                0x08004b00       0x7c ./Drivers/STM32F4xx_HAL_Driver/Src/stm32f4xx_hal_ltdc.o
                0x08004b00                HAL_LTDC_ConfigLayer
 .text.LTDC_SetConfig
                0x08004b7c      0x32e ./Drivers/STM32F4xx_HAL_Driver/Src/stm32f4xx_hal_ltdc.o
 *fill*         0x08004eaa        0x2 
 .text.HAL_RCC_OscConfig
                0x08004eac      0x4f0 ./Drivers/STM32F4xx_HAL_Driver/Src/stm32f4xx_hal_rcc.o
                0x08004eac                HAL_RCC_OscConfig
 .text.HAL_RCC_ClockConfig
                0x0800539c      0x1cc ./Drivers/STM32F4xx_HAL_Driver/Src/stm32f4xx_hal_rcc.o
                0x0800539c                HAL_RCC_ClockConfig
 .text.HAL_RCC_GetSysClockFreq
                0x08005568      0x20c ./Drivers/STM32F4xx_HAL_Driver/Src/stm32f4xx_hal_rcc.o
                0x08005568                HAL_RCC_GetSysClockFreq
 .text.HAL_RCC_GetHCLKFreq
                0x08005774       0x18 ./Drivers/STM32F4xx_HAL_Driver/Src/stm32f4xx_hal_rcc.o
                0x08005774                HAL_RCC_GetHCLKFreq
 .text.HAL_RCC_GetPCLK1Freq
                0x0800578c       0x28 ./Drivers/STM32F4xx_HAL_Driver/Src/stm32f4xx_hal_rcc.o
                0x0800578c                HAL_RCC_GetPCLK1Freq
 .text.HAL_RCC_GetPCLK2Freq
                0x080057b4       0x28 ./Drivers/STM32F4xx_HAL_Driver/Src/stm32f4xx_hal_rcc.o
                0x080057b4                HAL_RCC_GetPCLK2Freq
 .text.HAL_RCC_GetClockConfig
                0x080057dc       0x64 ./Drivers/STM32F4xx_HAL_Driver/Src/stm32f4xx_hal_rcc.o
                0x080057dc                HAL_RCC_GetClockConfig
 .text.HAL_RCCEx_PeriphCLKConfig
                0x08005840      0x380 ./Drivers/STM32F4xx_HAL_Driver/Src/stm32f4xx_hal_rcc_ex.o
                0x08005840                HAL_RCCEx_PeriphCLKConfig
 .text.HAL_SDRAM_Init
                0x08005bc0       0x68 ./Drivers/STM32F4xx_HAL_Driver/Src/stm32f4xx_hal_sdram.o
                0x08005bc0                HAL_SDRAM_Init
 .text.HAL_SPI_Init
                0x08005c28      0x112 ./Drivers/STM32F4xx_HAL_Driver/Src/stm32f4xx_hal_spi.o
                0x08005c28                HAL_SPI_Init
 .text.HAL_TIM_Base_Init
                0x08005d3a       0x9e ./Drivers/STM32F4xx_HAL_Driver/Src/stm32f4xx_hal_tim.o
                0x08005d3a                HAL_TIM_Base_Init
 .text.HAL_TIM_Base_Start_IT
                0x08005dd8       0xe0 ./Drivers/STM32F4xx_HAL_Driver/Src/stm32f4xx_hal_tim.o
                0x08005dd8                HAL_TIM_Base_Start_IT
 .text.HAL_TIM_IRQHandler
                0x08005eb8      0x1e0 ./Drivers/STM32F4xx_HAL_Driver/Src/stm32f4xx_hal_tim.o
                0x08005eb8                HAL_TIM_IRQHandler
 .text.HAL_TIM_ConfigClockSource
                0x08006098      0x18e ./Drivers/STM32F4xx_HAL_Driver/Src/stm32f4xx_hal_tim.o
                0x08006098                HAL_TIM_ConfigClockSource
 .text.HAL_TIM_OC_DelayElapsedCallback
                0x08006226       0x14 ./Drivers/STM32F4xx_HAL_Driver/Src/stm32f4xx_hal_tim.o
                0x08006226                HAL_TIM_OC_DelayElapsedCallback
 .text.HAL_TIM_IC_CaptureCallback
                0x0800623a       0x14 ./Drivers/STM32F4xx_HAL_Driver/Src/stm32f4xx_hal_tim.o
                0x0800623a                HAL_TIM_IC_CaptureCallback
 .text.HAL_TIM_PWM_PulseFinishedCallback
                0x0800624e       0x14 ./Drivers/STM32F4xx_HAL_Driver/Src/stm32f4xx_hal_tim.o
                0x0800624e                HAL_TIM_PWM_PulseFinishedCallback
 .text.HAL_TIM_TriggerCallback
                0x08006262       0x14 ./Drivers/STM32F4xx_HAL_Driver/Src/stm32f4xx_hal_tim.o
                0x08006262                HAL_TIM_TriggerCallback
 *fill*         0x08006276        0x2 
 .text.TIM_Base_SetConfig
                0x08006278      0x158 ./Drivers/STM32F4xx_HAL_Driver/Src/stm32f4xx_hal_tim.o
                0x08006278                TIM_Base_SetConfig
 .text.TIM_TI1_ConfigInputStage
                0x080063d0       0x5e ./Drivers/STM32F4xx_HAL_Driver/Src/stm32f4xx_hal_tim.o
 .text.TIM_TI2_ConfigInputStage
                0x0800642e       0x60 ./Drivers/STM32F4xx_HAL_Driver/Src/stm32f4xx_hal_tim.o
 .text.TIM_ITRx_SetConfig
                0x0800648e       0x36 ./Drivers/STM32F4xx_HAL_Driver/Src/stm32f4xx_hal_tim.o
 .text.TIM_ETR_SetConfig
                0x080064c4       0x40 ./Drivers/STM32F4xx_HAL_Driver/Src/stm32f4xx_hal_tim.o
                0x080064c4                TIM_ETR_SetConfig
 .text.HAL_TIMEx_MasterConfigSynchronization
                0x08006504       0xf8 ./Drivers/STM32F4xx_HAL_Driver/Src/stm32f4xx_hal_tim_ex.o
                0x08006504                HAL_TIMEx_MasterConfigSynchronization
 .text.HAL_TIMEx_CommutCallback
                0x080065fc       0x14 ./Drivers/STM32F4xx_HAL_Driver/Src/stm32f4xx_hal_tim_ex.o
                0x080065fc                HAL_TIMEx_CommutCallback
 .text.HAL_TIMEx_BreakCallback
                0x08006610       0x14 ./Drivers/STM32F4xx_HAL_Driver/Src/stm32f4xx_hal_tim_ex.o
                0x08006610                HAL_TIMEx_BreakCallback
 .text.HAL_UART_Init
                0x08006624       0xa0 ./Drivers/STM32F4xx_HAL_Driver/Src/stm32f4xx_hal_uart.o
                0x08006624                HAL_UART_Init
 .text.HAL_UART_Transmit
                0x080066c4      0x116 ./Drivers/STM32F4xx_HAL_Driver/Src/stm32f4xx_hal_uart.o
                0x080066c4                HAL_UART_Transmit
 .text.UART_WaitOnFlagUntilTimeout
                0x080067da       0xb2 ./Drivers/STM32F4xx_HAL_Driver/Src/stm32f4xx_hal_uart.o
 .text.UART_EndRxTransfer
                0x0800688c       0xc6 ./Drivers/STM32F4xx_HAL_Driver/Src/stm32f4xx_hal_uart.o
 *fill*         0x08006952        0x2 
 .text.UART_SetConfig
                0x08006954      0x4e8 ./Drivers/STM32F4xx_HAL_Driver/Src/stm32f4xx_hal_uart.o
 .text.FMC_SDRAM_Init
                0x08006e3c       0xba ./Drivers/STM32F4xx_HAL_Driver/Src/stm32f4xx_ll_fmc.o
                0x08006e3c                FMC_SDRAM_Init
 .text.FMC_SDRAM_Timing_Init
                0x08006ef6       0xd2 ./Drivers/STM32F4xx_HAL_Driver/Src/stm32f4xx_ll_fmc.o
                0x08006ef6                FMC_SDRAM_Timing_Init
 .text.USB_CoreInit
                0x08006fc8       0xc8 ./Drivers/STM32F4xx_HAL_Driver/Src/stm32f4xx_ll_usb.o
                0x08006fc8                USB_CoreInit
 .text.USB_EnableGlobalInt
                0x08007090       0x22 ./Drivers/STM32F4xx_HAL_Driver/Src/stm32f4xx_ll_usb.o
                0x08007090                USB_EnableGlobalInt
 .text.USB_DisableGlobalInt
                0x080070b2       0x22 ./Drivers/STM32F4xx_HAL_Driver/Src/stm32f4xx_ll_usb.o
                0x080070b2                USB_DisableGlobalInt
 .text.USB_SetCurrentMode
                0x080070d4       0x98 ./Drivers/STM32F4xx_HAL_Driver/Src/stm32f4xx_ll_usb.o
                0x080070d4                USB_SetCurrentMode
 .text.USB_FlushTxFifo
                0x0800716c       0x64 ./Drivers/STM32F4xx_HAL_Driver/Src/stm32f4xx_ll_usb.o
                0x0800716c                USB_FlushTxFifo
 .text.USB_FlushRxFifo
                0x080071d0       0x5c ./Drivers/STM32F4xx_HAL_Driver/Src/stm32f4xx_ll_usb.o
                0x080071d0                USB_FlushRxFifo
 .text.USB_WritePacket
                0x0800722c       0x7c ./Drivers/STM32F4xx_HAL_Driver/Src/stm32f4xx_ll_usb.o
                0x0800722c                USB_WritePacket
 .text.USB_ReadPacket
                0x080072a8       0xb0 ./Drivers/STM32F4xx_HAL_Driver/Src/stm32f4xx_ll_usb.o
                0x080072a8                USB_ReadPacket
 .text.USB_ReadInterrupts
                0x08007358       0x26 ./Drivers/STM32F4xx_HAL_Driver/Src/stm32f4xx_ll_usb.o
                0x08007358                USB_ReadInterrupts
 .text.USB_ReadChInterrupts
                0x0800737e       0x42 ./Drivers/STM32F4xx_HAL_Driver/Src/stm32f4xx_ll_usb.o
                0x0800737e                USB_ReadChInterrupts
 .text.USB_GetMode
                0x080073c0       0x1c ./Drivers/STM32F4xx_HAL_Driver/Src/stm32f4xx_ll_usb.o
                0x080073c0                USB_GetMode
 .text.USB_CoreReset
                0x080073dc       0x62 ./Drivers/STM32F4xx_HAL_Driver/Src/stm32f4xx_ll_usb.o
 *fill*         0x0800743e        0x2 
 .text.USB_HostInit
                0x08007440      0x188 ./Drivers/STM32F4xx_HAL_Driver/Src/stm32f4xx_ll_usb.o
                0x08007440                USB_HostInit
 .text.USB_InitFSLSPClkSel
                0x080075c8       0x7a ./Drivers/STM32F4xx_HAL_Driver/Src/stm32f4xx_ll_usb.o
                0x080075c8                USB_InitFSLSPClkSel
 .text.USB_ResetPort
                0x08007642       0x54 ./Drivers/STM32F4xx_HAL_Driver/Src/stm32f4xx_ll_usb.o
                0x08007642                USB_ResetPort
 .text.USB_DriveVbus
                0x08007696       0x72 ./Drivers/STM32F4xx_HAL_Driver/Src/stm32f4xx_ll_usb.o
                0x08007696                USB_DriveVbus
 .text.USB_GetHostSpeed
                0x08007708       0x2e ./Drivers/STM32F4xx_HAL_Driver/Src/stm32f4xx_ll_usb.o
                0x08007708                USB_GetHostSpeed
 .text.USB_GetCurrentFrame
                0x08007736       0x22 ./Drivers/STM32F4xx_HAL_Driver/Src/stm32f4xx_ll_usb.o
                0x08007736                USB_GetCurrentFrame
 .text.USB_HC_Init
                0x08007758      0x258 ./Drivers/STM32F4xx_HAL_Driver/Src/stm32f4xx_ll_usb.o
                0x08007758                USB_HC_Init
 .text.USB_HC_StartXfer
                0x080079b0      0x4f4 ./Drivers/STM32F4xx_HAL_Driver/Src/stm32f4xx_ll_usb.o
                0x080079b0                USB_HC_StartXfer
 .text.USB_HC_ReadInterrupt
                0x08007ea4       0x22 ./Drivers/STM32F4xx_HAL_Driver/Src/stm32f4xx_ll_usb.o
                0x08007ea4                USB_HC_ReadInterrupt
 .text.USB_HC_Halt
                0x08007ec6      0x240 ./Drivers/STM32F4xx_HAL_Driver/Src/stm32f4xx_ll_usb.o
                0x08007ec6                USB_HC_Halt
 *fill*         0x08008106        0x2 
 .text.USB_DoPing
                0x08008108       0x78 ./Drivers/STM32F4xx_HAL_Driver/Src/stm32f4xx_ll_usb.o
                0x08008108                USB_DoPing
 .text.USB_StopHost
                0x08008180      0x124 ./Drivers/STM32F4xx_HAL_Driver/Src/stm32f4xx_ll_usb.o
                0x08008180                USB_StopHost
 .text.USBH_CDC_InterfaceInit
                0x080082a4      0x2ac ./Middlewares/ST/STM32_USB_Host_Library/Class/CDC/Src/usbh_cdc.o
 .text.USBH_CDC_InterfaceDeInit
                0x08008550       0xb2 ./Middlewares/ST/STM32_USB_Host_Library/Class/CDC/Src/usbh_cdc.o
 .text.USBH_CDC_ClassRequest
                0x08008602       0x3e ./Middlewares/ST/STM32_USB_Host_Library/Class/CDC/Src/usbh_cdc.o
 .text.USBH_CDC_Process
                0x08008640      0x12c ./Middlewares/ST/STM32_USB_Host_Library/Class/CDC/Src/usbh_cdc.o
 .text.USBH_CDC_SOFProcess
                0x0800876c       0x16 ./Middlewares/ST/STM32_USB_Host_Library/Class/CDC/Src/usbh_cdc.o
 .text.GetLineCoding
                0x08008782       0x3e ./Middlewares/ST/STM32_USB_Host_Library/Class/CDC/Src/usbh_cdc.o
 .text.SetLineCoding
                0x080087c0       0x3e ./Middlewares/ST/STM32_USB_Host_Library/Class/CDC/Src/usbh_cdc.o
 .text.CDC_ProcessTransmission
                0x080087fe      0x124 ./Middlewares/ST/STM32_USB_Host_Library/Class/CDC/Src/usbh_cdc.o
 .text.CDC_ProcessReception
                0x08008922       0xd2 ./Middlewares/ST/STM32_USB_Host_Library/Class/CDC/Src/usbh_cdc.o
 .text.USBH_CDC_TransmitCallback
                0x080089f4       0x14 ./Middlewares/ST/STM32_USB_Host_Library/Class/CDC/Src/usbh_cdc.o
                0x080089f4                USBH_CDC_TransmitCallback
 .text.USBH_CDC_ReceiveCallback
                0x08008a08       0x14 ./Middlewares/ST/STM32_USB_Host_Library/Class/CDC/Src/usbh_cdc.o
                0x08008a08                USBH_CDC_ReceiveCallback
 .text.USBH_CDC_LineCodingChanged
                0x08008a1c       0x14 ./Middlewares/ST/STM32_USB_Host_Library/Class/CDC/Src/usbh_cdc.o
                0x08008a1c                USBH_CDC_LineCodingChanged
 .text.USBH_Init
                0x08008a30       0xc4 ./Middlewares/ST/STM32_USB_Host_Library/Core/Src/usbh_core.o
                0x08008a30                USBH_Init
 .text.DeInitStateMachine
                0x08008af4       0xe6 ./Middlewares/ST/STM32_USB_Host_Library/Core/Src/usbh_core.o
 .text.USBH_RegisterClass
                0x08008bda       0x54 ./Middlewares/ST/STM32_USB_Host_Library/Core/Src/usbh_core.o
                0x08008bda                USBH_RegisterClass
 .text.USBH_SelectInterface
                0x08008c2e       0x38 ./Middlewares/ST/STM32_USB_Host_Library/Core/Src/usbh_core.o
                0x08008c2e                USBH_SelectInterface
 .text.USBH_FindInterface
                0x08008c66       0x8c ./Middlewares/ST/STM32_USB_Host_Library/Core/Src/usbh_core.o
                0x08008c66                USBH_FindInterface
 .text.USBH_Start
                0x08008cf2       0x20 ./Middlewares/ST/STM32_USB_Host_Library/Core/Src/usbh_core.o
                0x08008cf2                USBH_Start
 *fill*         0x08008d12        0x2 
 .text.USBH_Process
                0x08008d14      0x4d4 ./Middlewares/ST/STM32_USB_Host_Library/Core/Src/usbh_core.o
                0x08008d14                USBH_Process
 .text.USBH_HandleEnum
                0x080091e8      0x450 ./Middlewares/ST/STM32_USB_Host_Library/Core/Src/usbh_core.o
 .text.USBH_LL_SetTimer
                0x08009638       0x1e ./Middlewares/ST/STM32_USB_Host_Library/Core/Src/usbh_core.o
                0x08009638                USBH_LL_SetTimer
 .text.USBH_LL_IncTimer
                0x08009656       0x24 ./Middlewares/ST/STM32_USB_Host_Library/Core/Src/usbh_core.o
                0x08009656                USBH_LL_IncTimer
 .text.USBH_HandleSof
                0x0800967a       0x30 ./Middlewares/ST/STM32_USB_Host_Library/Core/Src/usbh_core.o
 .text.USBH_LL_PortEnabled
                0x080096aa       0x34 ./Middlewares/ST/STM32_USB_Host_Library/Core/Src/usbh_core.o
                0x080096aa                USBH_LL_PortEnabled
 .text.USBH_LL_PortDisabled
                0x080096de       0x1c ./Middlewares/ST/STM32_USB_Host_Library/Core/Src/usbh_core.o
                0x080096de                USBH_LL_PortDisabled
 .text.USBH_LL_Connect
                0x080096fa       0x46 ./Middlewares/ST/STM32_USB_Host_Library/Core/Src/usbh_core.o
                0x080096fa                USBH_LL_Connect
 .text.USBH_LL_Disconnect
                0x08009740       0x64 ./Middlewares/ST/STM32_USB_Host_Library/Core/Src/usbh_core.o
                0x08009740                USBH_LL_Disconnect
 .text.USBH_Process_OS
                0x080097a4       0x2a ./Middlewares/ST/STM32_USB_Host_Library/Core/Src/usbh_core.o
 .text.USBH_LL_NotifyURBChange
                0x080097ce       0x2e ./Middlewares/ST/STM32_USB_Host_Library/Core/Src/usbh_core.o
                0x080097ce                USBH_LL_NotifyURBChange
 .text.USBH_Get_DevDesc
                0x080097fc       0x58 ./Middlewares/ST/STM32_USB_Host_Library/Core/Src/usbh_ctlreq.o
                0x080097fc                USBH_Get_DevDesc
 .text.USBH_Get_CfgDesc
                0x08009854       0x54 ./Middlewares/ST/STM32_USB_Host_Library/Core/Src/usbh_ctlreq.o
                0x08009854                USBH_Get_CfgDesc
 .text.USBH_Get_StringDesc
                0x080098a8       0x68 ./Middlewares/ST/STM32_USB_Host_Library/Core/Src/usbh_ctlreq.o
                0x080098a8                USBH_Get_StringDesc
 .text.USBH_GetDescriptor
                0x08009910       0x6a ./Middlewares/ST/STM32_USB_Host_Library/Core/Src/usbh_ctlreq.o
                0x08009910                USBH_GetDescriptor
 .text.USBH_SetAddress
                0x0800997a       0x48 ./Middlewares/ST/STM32_USB_Host_Library/Core/Src/usbh_ctlreq.o
                0x0800997a                USBH_SetAddress
 .text.USBH_SetCfg
                0x080099c2       0x46 ./Middlewares/ST/STM32_USB_Host_Library/Core/Src/usbh_ctlreq.o
                0x080099c2                USBH_SetCfg
 .text.USBH_SetFeature
                0x08009a08       0x48 ./Middlewares/ST/STM32_USB_Host_Library/Core/Src/usbh_ctlreq.o
                0x08009a08                USBH_SetFeature
 .text.USBH_ClrFeature
                0x08009a50       0x48 ./Middlewares/ST/STM32_USB_Host_Library/Core/Src/usbh_ctlreq.o
                0x08009a50                USBH_ClrFeature
 .text.USBH_ParseDevDesc
                0x08009a98      0x160 ./Middlewares/ST/STM32_USB_Host_Library/Core/Src/usbh_ctlreq.o
 .text.USBH_ParseCfgDesc
                0x08009bf8      0x1f0 ./Middlewares/ST/STM32_USB_Host_Library/Core/Src/usbh_ctlreq.o
 .text.USBH_ParseInterfaceDesc
                0x08009de8       0x68 ./Middlewares/ST/STM32_USB_Host_Library/Core/Src/usbh_ctlreq.o
 .text.USBH_ParseEPDesc
                0x08009e50      0x1d0 ./Middlewares/ST/STM32_USB_Host_Library/Core/Src/usbh_ctlreq.o
 .text.USBH_ParseStringDesc
                0x0800a020       0x66 ./Middlewares/ST/STM32_USB_Host_Library/Core/Src/usbh_ctlreq.o
 .text.USBH_GetNextDesc
                0x0800a086       0x34 ./Middlewares/ST/STM32_USB_Host_Library/Core/Src/usbh_ctlreq.o
                0x0800a086                USBH_GetNextDesc
 .text.USBH_CtlReq
                0x0800a0ba       0xb2 ./Middlewares/ST/STM32_USB_Host_Library/Core/Src/usbh_ctlreq.o
                0x0800a0ba                USBH_CtlReq
 .text.USBH_HandleControl
                0x0800a16c      0x490 ./Middlewares/ST/STM32_USB_Host_Library/Core/Src/usbh_ctlreq.o
 .text.USBH_CtlSendSetup
                0x0800a5fc       0x34 ./Middlewares/ST/STM32_USB_Host_Library/Core/Src/usbh_ioreq.o
                0x0800a5fc                USBH_CtlSendSetup
 .text.USBH_CtlSendData
                0x0800a630       0x4a ./Middlewares/ST/STM32_USB_Host_Library/Core/Src/usbh_ioreq.o
                0x0800a630                USBH_CtlSendData
 .text.USBH_CtlReceiveData
                0x0800a67a       0x3c ./Middlewares/ST/STM32_USB_Host_Library/Core/Src/usbh_ioreq.o
                0x0800a67a                USBH_CtlReceiveData
 .text.USBH_BulkSendData
                0x0800a6b6       0x4a ./Middlewares/ST/STM32_USB_Host_Library/Core/Src/usbh_ioreq.o
                0x0800a6b6                USBH_BulkSendData
 .text.USBH_BulkReceiveData
                0x0800a700       0x3c ./Middlewares/ST/STM32_USB_Host_Library/Core/Src/usbh_ioreq.o
                0x0800a700                USBH_BulkReceiveData
 .text.USBH_OpenPipe
                0x0800a73c       0x3e ./Middlewares/ST/STM32_USB_Host_Library/Core/Src/usbh_pipes.o
                0x0800a73c                USBH_OpenPipe
 .text.USBH_ClosePipe
                0x0800a77a       0x20 ./Middlewares/ST/STM32_USB_Host_Library/Core/Src/usbh_pipes.o
                0x0800a77a                USBH_ClosePipe
 .text.USBH_AllocPipe
                0x0800a79a       0x42 ./Middlewares/ST/STM32_USB_Host_Library/Core/Src/usbh_pipes.o
                0x0800a79a                USBH_AllocPipe
 .text.USBH_FreePipe
                0x0800a7dc       0x3c ./Middlewares/ST/STM32_USB_Host_Library/Core/Src/usbh_pipes.o
                0x0800a7dc                USBH_FreePipe
 .text.USBH_GetFreePipe
                0x0800a818       0x48 ./Middlewares/ST/STM32_USB_Host_Library/Core/Src/usbh_pipes.o
 .text.makeFreeRtosPriority
                0x0800a860       0x30 ./Middlewares/Third_Party/FreeRTOS/Source/CMSIS_RTOS/cmsis_os.o
 .text.inHandlerMode
                0x0800a890       0x24 ./Middlewares/Third_Party/FreeRTOS/Source/CMSIS_RTOS/cmsis_os.o
 .text.osKernelStart
                0x0800a8b4        0xe ./Middlewares/Third_Party/FreeRTOS/Source/CMSIS_RTOS/cmsis_os.o
                0x0800a8b4                osKernelStart
 .text.osThreadCreate
                0x0800a8c2       0x98 ./Middlewares/Third_Party/FreeRTOS/Source/CMSIS_RTOS/cmsis_os.o
                0x0800a8c2                osThreadCreate
 .text.osDelay  0x0800a95a       0x28 ./Middlewares/Third_Party/FreeRTOS/Source/CMSIS_RTOS/cmsis_os.o
                0x0800a95a                osDelay
 .text.osMessageCreate
                0x0800a982       0x50 ./Middlewares/Third_Party/FreeRTOS/Source/CMSIS_RTOS/cmsis_os.o
                0x0800a982                osMessageCreate
 *fill*         0x0800a9d2        0x2 
 .text.osMessagePut
                0x0800a9d4       0x80 ./Middlewares/Third_Party/FreeRTOS/Source/CMSIS_RTOS/cmsis_os.o
                0x0800a9d4                osMessagePut
 .text.osMessageGet
                0x0800aa54       0xe8 ./Middlewares/Third_Party/FreeRTOS/Source/CMSIS_RTOS/cmsis_os.o
                0x0800aa54                osMessageGet
 .text.vListInitialise
                0x0800ab3c       0x40 ./Middlewares/Third_Party/FreeRTOS/Source/list.o
                0x0800ab3c                vListInitialise
 .text.vListInitialiseItem
                0x0800ab7c       0x1a ./Middlewares/Third_Party/FreeRTOS/Source/list.o
                0x0800ab7c                vListInitialiseItem
 .text.vListInsertEnd
                0x0800ab96       0x48 ./Middlewares/Third_Party/FreeRTOS/Source/list.o
                0x0800ab96                vListInsertEnd
 .text.vListInsert
                0x0800abde       0x72 ./Middlewares/Third_Party/FreeRTOS/Source/list.o
                0x0800abde                vListInsert
 .text.uxListRemove
                0x0800ac50       0x54 ./Middlewares/Third_Party/FreeRTOS/Source/list.o
                0x0800ac50                uxListRemove
 .text.xQueueGenericReset
                0x0800aca4       0xd4 ./Middlewares/Third_Party/FreeRTOS/Source/queue.o
                0x0800aca4                xQueueGenericReset
 .text.xQueueGenericCreateStatic
                0x0800ad78       0xfa ./Middlewares/Third_Party/FreeRTOS/Source/queue.o
                0x0800ad78                xQueueGenericCreateStatic
 .text.xQueueGenericCreate
                0x0800ae72       0x76 ./Middlewares/Third_Party/FreeRTOS/Source/queue.o
                0x0800ae72                xQueueGenericCreate
 .text.prvInitialiseNewQueue
                0x0800aee8       0x3e ./Middlewares/Third_Party/FreeRTOS/Source/queue.o
 *fill*         0x0800af26        0x2 
 .text.xQueueGenericSend
                0x0800af28      0x204 ./Middlewares/Third_Party/FreeRTOS/Source/queue.o
                0x0800af28                xQueueGenericSend
 .text.xQueueGenericSendFromISR
                0x0800b12c      0x13c ./Middlewares/Third_Party/FreeRTOS/Source/queue.o
                0x0800b12c                xQueueGenericSendFromISR
 .text.xQueueReceive
                0x0800b268      0x1c4 ./Middlewares/Third_Party/FreeRTOS/Source/queue.o
                0x0800b268                xQueueReceive
 .text.xQueueReceiveFromISR
                0x0800b42c      0x104 ./Middlewares/Third_Party/FreeRTOS/Source/queue.o
                0x0800b42c                xQueueReceiveFromISR
 .text.prvCopyDataToQueue
                0x0800b530       0xd4 ./Middlewares/Third_Party/FreeRTOS/Source/queue.o
 .text.prvCopyDataFromQueue
                0x0800b604       0x4c ./Middlewares/Third_Party/FreeRTOS/Source/queue.o
 .text.prvUnlockQueue
                0x0800b650       0xa4 ./Middlewares/Third_Party/FreeRTOS/Source/queue.o
 .text.prvIsQueueEmpty
                0x0800b6f4       0x2c ./Middlewares/Third_Party/FreeRTOS/Source/queue.o
 .text.prvIsQueueFull
                0x0800b720       0x30 ./Middlewares/Third_Party/FreeRTOS/Source/queue.o
 .text.xTaskCreateStatic
                0x0800b750       0xc0 ./Middlewares/Third_Party/FreeRTOS/Source/tasks.o
                0x0800b750                xTaskCreateStatic
 .text.xTaskCreate
                0x0800b810       0x8a ./Middlewares/Third_Party/FreeRTOS/Source/tasks.o
                0x0800b810                xTaskCreate
 .text.prvInitialiseNewTask
                0x0800b89a      0x126 ./Middlewares/Third_Party/FreeRTOS/Source/tasks.o
 .text.prvAddNewTaskToReadyList
                0x0800b9c0       0xd4 ./Middlewares/Third_Party/FreeRTOS/Source/tasks.o
 .text.vTaskDelay
                0x0800ba94       0x6c ./Middlewares/Third_Party/FreeRTOS/Source/tasks.o
                0x0800ba94                vTaskDelay
 .text.vTaskStartScheduler
                0x0800bb00       0xc4 ./Middlewares/Third_Party/FreeRTOS/Source/tasks.o
                0x0800bb00                vTaskStartScheduler
 .text.vTaskSuspendAll
                0x0800bbc4       0x1c ./Middlewares/Third_Party/FreeRTOS/Source/tasks.o
                0x0800bbc4                vTaskSuspendAll
 .text.xTaskResumeAll
                0x0800bbe0      0x13c ./Middlewares/Third_Party/FreeRTOS/Source/tasks.o
                0x0800bbe0                xTaskResumeAll
 .text.xTaskIncrementTick
                0x0800bd1c      0x174 ./Middlewares/Third_Party/FreeRTOS/Source/tasks.o
                0x0800bd1c                xTaskIncrementTick
 .text.vTaskSwitchContext
                0x0800be90      0x104 ./Middlewares/Third_Party/FreeRTOS/Source/tasks.o
                0x0800be90                vTaskSwitchContext
 .text.vTaskPlaceOnEventList
                0x0800bf94       0x4c ./Middlewares/Third_Party/FreeRTOS/Source/tasks.o
                0x0800bf94                vTaskPlaceOnEventList
 .text.xTaskRemoveFromEventList
                0x0800bfe0       0xc8 ./Middlewares/Third_Party/FreeRTOS/Source/tasks.o
                0x0800bfe0                xTaskRemoveFromEventList
 .text.vTaskInternalSetTimeOutState
                0x0800c0a8       0x2c ./Middlewares/Third_Party/FreeRTOS/Source/tasks.o
                0x0800c0a8                vTaskInternalSetTimeOutState
 .text.xTaskCheckForTimeOut
                0x0800c0d4       0xc8 ./Middlewares/Third_Party/FreeRTOS/Source/tasks.o
                0x0800c0d4                xTaskCheckForTimeOut
 .text.vTaskMissedYield
                0x0800c19c       0x18 ./Middlewares/Third_Party/FreeRTOS/Source/tasks.o
                0x0800c19c                vTaskMissedYield
 .text.prvIdleTask
                0x0800c1b4       0x34 ./Middlewares/Third_Party/FreeRTOS/Source/tasks.o
 .text.prvInitialiseTaskLists
                0x0800c1e8       0x80 ./Middlewares/Third_Party/FreeRTOS/Source/tasks.o
 .text.prvCheckTasksWaitingTermination
                0x0800c268       0x5c ./Middlewares/Third_Party/FreeRTOS/Source/tasks.o
 .text.prvDeleteTCB
                0x0800c2c4       0x60 ./Middlewares/Third_Party/FreeRTOS/Source/tasks.o
 .text.prvResetNextTaskUnblockTime
                0x0800c324       0x40 ./Middlewares/Third_Party/FreeRTOS/Source/tasks.o
 .text.xTaskGetSchedulerState
                0x0800c364       0x3c ./Middlewares/Third_Party/FreeRTOS/Source/tasks.o
                0x0800c364                xTaskGetSchedulerState
 .text.xTaskPriorityDisinherit
                0x0800c3a0      0x110 ./Middlewares/Third_Party/FreeRTOS/Source/tasks.o
                0x0800c3a0                xTaskPriorityDisinherit
 .text.prvAddCurrentTaskToDelayedList
                0x0800c4b0       0xcc ./Middlewares/Third_Party/FreeRTOS/Source/tasks.o
 .text.pxPortInitialiseStack
                0x0800c57c       0x68 ./Middlewares/Third_Party/FreeRTOS/Source/portable/GCC/ARM_CM4F/port.o
                0x0800c57c                pxPortInitialiseStack
 .text.prvTaskExitError
                0x0800c5e4       0x5c ./Middlewares/Third_Party/FreeRTOS/Source/portable/GCC/ARM_CM4F/port.o
 .text.SVC_Handler
                0x0800c640       0x28 ./Middlewares/Third_Party/FreeRTOS/Source/portable/GCC/ARM_CM4F/port.o
                0x0800c640                SVC_Handler
 .text.prvPortStartFirstTask
                0x0800c668       0x28 ./Middlewares/Third_Party/FreeRTOS/Source/portable/GCC/ARM_CM4F/port.o
 .text.xPortStartScheduler
                0x0800c690      0x148 ./Middlewares/Third_Party/FreeRTOS/Source/portable/GCC/ARM_CM4F/port.o
                0x0800c690                xPortStartScheduler
 .text.vPortEnterCritical
                0x0800c7d8       0x64 ./Middlewares/Third_Party/FreeRTOS/Source/portable/GCC/ARM_CM4F/port.o
                0x0800c7d8                vPortEnterCritical
 .text.vPortExitCritical
                0x0800c83c       0x54 ./Middlewares/Third_Party/FreeRTOS/Source/portable/GCC/ARM_CM4F/port.o
                0x0800c83c                vPortExitCritical
 .text.PendSV_Handler
                0x0800c890       0x68 ./Middlewares/Third_Party/FreeRTOS/Source/portable/GCC/ARM_CM4F/port.o
                0x0800c890                PendSV_Handler
 .text.SysTick_Handler
                0x0800c8f8       0x44 ./Middlewares/Third_Party/FreeRTOS/Source/portable/GCC/ARM_CM4F/port.o
                0x0800c8f8                SysTick_Handler
 .text.vPortSetupTimerInterrupt
                0x0800c93c       0x48 ./Middlewares/Third_Party/FreeRTOS/Source/portable/GCC/ARM_CM4F/port.o
                0x0800c93c                vPortSetupTimerInterrupt
 .text.vPortEnableVFP
                0x0800c984       0x14 ./Middlewares/Third_Party/FreeRTOS/Source/portable/GCC/ARM_CM4F/port.o
 .text.vPortValidateInterruptPriority
                0x0800c998       0x84 ./Middlewares/Third_Party/FreeRTOS/Source/portable/GCC/ARM_CM4F/port.o
                0x0800c998                vPortValidateInterruptPriority
 .text.pvPortMalloc
                0x0800ca1c      0x1a8 ./Middlewares/Third_Party/FreeRTOS/Source/portable/MemMang/heap_4.o
                0x0800ca1c                pvPortMalloc
 .text.vPortFree
                0x0800cbc4       0xc8 ./Middlewares/Third_Party/FreeRTOS/Source/portable/MemMang/heap_4.o
                0x0800cbc4                vPortFree
 .text.prvHeapInit
                0x0800cc8c       0xc4 ./Middlewares/Third_Party/FreeRTOS/Source/portable/MemMang/heap_4.o
 .text.prvInsertBlockIntoFreeList
                0x0800cd50       0xb4 ./Middlewares/Third_Party/FreeRTOS/Source/portable/MemMang/heap_4.o
 .text.MX_USB_HOST_Init
                0x0800ce04       0x4c ./USB_HOST/App/usb_host.o
                0x0800ce04                MX_USB_HOST_Init
 .text.USBH_UserProcess
                0x0800ce50       0x5c ./USB_HOST/App/usb_host.o
 .text.HAL_HCD_MspInit
                0x0800ceac       0xbc ./USB_HOST/Target/usbh_conf.o
                0x0800ceac                HAL_HCD_MspInit
 .text.HAL_HCD_SOF_Callback
                0x0800cf68       0x1c ./USB_HOST/Target/usbh_conf.o
                0x0800cf68                HAL_HCD_SOF_Callback
 .text.HAL_HCD_Connect_Callback
                0x0800cf84       0x1c ./USB_HOST/Target/usbh_conf.o
                0x0800cf84                HAL_HCD_Connect_Callback
 .text.HAL_HCD_Disconnect_Callback
                0x0800cfa0       0x1c ./USB_HOST/Target/usbh_conf.o
                0x0800cfa0                HAL_HCD_Disconnect_Callback
 .text.HAL_HCD_HC_NotifyURBChange_Callback
                0x0800cfbc       0x24 ./USB_HOST/Target/usbh_conf.o
                0x0800cfbc                HAL_HCD_HC_NotifyURBChange_Callback
 .text.HAL_HCD_PortEnabled_Callback
                0x0800cfe0       0x1c ./USB_HOST/Target/usbh_conf.o
                0x0800cfe0                HAL_HCD_PortEnabled_Callback
 .text.HAL_HCD_PortDisabled_Callback
                0x0800cffc       0x1c ./USB_HOST/Target/usbh_conf.o
                0x0800cffc                HAL_HCD_PortDisabled_Callback
 .text.USBH_LL_Init
                0x0800d018       0x8c ./USB_HOST/Target/usbh_conf.o
                0x0800d018                USBH_LL_Init
 .text.USBH_LL_Start
                0x0800d0a4       0x36 ./USB_HOST/Target/usbh_conf.o
                0x0800d0a4                USBH_LL_Start
 .text.USBH_LL_Stop
                0x0800d0da       0x36 ./USB_HOST/Target/usbh_conf.o
                0x0800d0da                USBH_LL_Stop
 .text.USBH_LL_GetSpeed
                0x0800d110       0x4e ./USB_HOST/Target/usbh_conf.o
                0x0800d110                USBH_LL_GetSpeed
 .text.USBH_LL_ResetPort
                0x0800d15e       0x36 ./USB_HOST/Target/usbh_conf.o
                0x0800d15e                USBH_LL_ResetPort
 .text.USBH_LL_GetLastXferSize
                0x0800d194       0x26 ./USB_HOST/Target/usbh_conf.o
                0x0800d194                USBH_LL_GetLastXferSize
 .text.USBH_LL_OpenPipe
                0x0800d1ba       0x5e ./USB_HOST/Target/usbh_conf.o
                0x0800d1ba                USBH_LL_OpenPipe
 .text.USBH_LL_ClosePipe
                0x0800d218       0x3e ./USB_HOST/Target/usbh_conf.o
                0x0800d218                USBH_LL_ClosePipe
 .text.USBH_LL_SubmitURB
                0x0800d256       0x62 ./USB_HOST/Target/usbh_conf.o
                0x0800d256                USBH_LL_SubmitURB
 .text.USBH_LL_GetURBState
                0x0800d2b8       0x26 ./USB_HOST/Target/usbh_conf.o
                0x0800d2b8                USBH_LL_GetURBState
 .text.USBH_LL_DriverVBUS
                0x0800d2de       0x2e ./USB_HOST/Target/usbh_conf.o
                0x0800d2de                USBH_LL_DriverVBUS
 .text.USBH_LL_SetToggle
                0x0800d30c       0x66 ./USB_HOST/Target/usbh_conf.o
                0x0800d30c                USBH_LL_SetToggle
 .text.USBH_Delay
                0x0800d372       0x16 ./USB_HOST/Target/usbh_conf.o
                0x0800d372                USBH_Delay
 .text.USBH_Get_USB_Status
                0x0800d388       0x58 ./USB_HOST/Target/usbh_conf.o
                0x0800d388                USBH_Get_USB_Status
 .text.MX_DriverVbusHS
                0x0800d3e0       0x38 ./USB_HOST/Target/usbh_platform.o
                0x0800d3e0                MX_DriverVbusHS
 .text.malloc   0x0800d418       0x10 /opt/st/stm32cubeide_1.16.0/plugins/com.st.stm32cube.ide.mcu.externaltools.gnu-tools-for-stm32.12.3.rel1.linux64_1.0.200.202406132123/tools/bin/../lib/gcc/arm-none-eabi/12.3.1/../../../../arm-none-eabi/lib/thumb/v7e-m+fp/hard/libc_nano.a(libc_a-malloc.o)
                0x0800d418                malloc
 .text.free     0x0800d428       0x10 /opt/st/stm32cubeide_1.16.0/plugins/com.st.stm32cube.ide.mcu.externaltools.gnu-tools-for-stm32.12.3.rel1.linux64_1.0.200.202406132123/tools/bin/../lib/gcc/arm-none-eabi/12.3.1/../../../../arm-none-eabi/lib/thumb/v7e-m+fp/hard/libc_nano.a(libc_a-malloc.o)
                0x0800d428                free
 .text.sbrk_aligned
                0x0800d438       0x44 /opt/st/stm32cubeide_1.16.0/plugins/com.st.stm32cube.ide.mcu.externaltools.gnu-tools-for-stm32.12.3.rel1.linux64_1.0.200.202406132123/tools/bin/../lib/gcc/arm-none-eabi/12.3.1/../../../../arm-none-eabi/lib/thumb/v7e-m+fp/hard/libc_nano.a(libc_a-mallocr.o)
 .text._malloc_r
                0x0800d47c      0x100 /opt/st/stm32cubeide_1.16.0/plugins/com.st.stm32cube.ide.mcu.externaltools.gnu-tools-for-stm32.12.3.rel1.linux64_1.0.200.202406132123/tools/bin/../lib/gcc/arm-none-eabi/12.3.1/../../../../arm-none-eabi/lib/thumb/v7e-m+fp/hard/libc_nano.a(libc_a-mallocr.o)
                0x0800d47c                _malloc_r
 .text.__malloc_lock
                0x0800d57c        0xc /opt/st/stm32cubeide_1.16.0/plugins/com.st.stm32cube.ide.mcu.externaltools.gnu-tools-for-stm32.12.3.rel1.linux64_1.0.200.202406132123/tools/bin/../lib/gcc/arm-none-eabi/12.3.1/../../../../arm-none-eabi/lib/thumb/v7e-m+fp/hard/libc_nano.a(libc_a-mlock.o)
                0x0800d57c                __malloc_lock
 .text.__malloc_unlock
                0x0800d588        0xc /opt/st/stm32cubeide_1.16.0/plugins/com.st.stm32cube.ide.mcu.externaltools.gnu-tools-for-stm32.12.3.rel1.linux64_1.0.200.202406132123/tools/bin/../lib/gcc/arm-none-eabi/12.3.1/../../../../arm-none-eabi/lib/thumb/v7e-m+fp/hard/libc_nano.a(libc_a-mlock.o)
                0x0800d588                __malloc_unlock
 .text.memset   0x0800d594       0x10 /opt/st/stm32cubeide_1.16.0/plugins/com.st.stm32cube.ide.mcu.externaltools.gnu-tools-for-stm32.12.3.rel1.linux64_1.0.200.202406132123/tools/bin/../lib/gcc/arm-none-eabi/12.3.1/../../../../arm-none-eabi/lib/thumb/v7e-m+fp/hard/libc_nano.a(libc_a-memset.o)
                0x0800d594                memset
 .text._sbrk_r  0x0800d5a4       0x20 /opt/st/stm32cubeide_1.16.0/plugins/com.st.stm32cube.ide.mcu.externaltools.gnu-tools-for-stm32.12.3.rel1.linux64_1.0.200.202406132123/tools/bin/../lib/gcc/arm-none-eabi/12.3.1/../../../../arm-none-eabi/lib/thumb/v7e-m+fp/hard/libc_nano.a(libc_a-sbrkr.o)
                0x0800d5a4                _sbrk_r
 .text.__errno  0x0800d5c4        0xc /opt/st/stm32cubeide_1.16.0/plugins/com.st.stm32cube.ide.mcu.externaltools.gnu-tools-for-stm32.12.3.rel1.linux64_1.0.200.202406132123/tools/bin/../lib/gcc/arm-none-eabi/12.3.1/../../../../arm-none-eabi/lib/thumb/v7e-m+fp/hard/libc_nano.a(libc_a-errno.o)
                0x0800d5c4                __errno
 .text.__libc_init_array
                0x0800d5d0       0x48 /opt/st/stm32cubeide_1.16.0/plugins/com.st.stm32cube.ide.mcu.externaltools.gnu-tools-for-stm32.12.3.rel1.linux64_1.0.200.202406132123/tools/bin/../lib/gcc/arm-none-eabi/12.3.1/../../../../arm-none-eabi/lib/thumb/v7e-m+fp/hard/libc_nano.a(libc_a-init.o)
                0x0800d5d0                __libc_init_array
 .text.__retarget_lock_acquire_recursive
                0x0800d618        0x2 /opt/st/stm32cubeide_1.16.0/plugins/com.st.stm32cube.ide.mcu.externaltools.gnu-tools-for-stm32.12.3.rel1.linux64_1.0.200.202406132123/tools/bin/../lib/gcc/arm-none-eabi/12.3.1/../../../../arm-none-eabi/lib/thumb/v7e-m+fp/hard/libc_nano.a(libc_a-lock.o)
                0x0800d618                __retarget_lock_acquire_recursive
 .text.__retarget_lock_release_recursive
                0x0800d61a        0x2 /opt/st/stm32cubeide_1.16.0/plugins/com.st.stm32cube.ide.mcu.externaltools.gnu-tools-for-stm32.12.3.rel1.linux64_1.0.200.202406132123/tools/bin/../lib/gcc/arm-none-eabi/12.3.1/../../../../arm-none-eabi/lib/thumb/v7e-m+fp/hard/libc_nano.a(libc_a-lock.o)
                0x0800d61a                __retarget_lock_release_recursive
 .text.memcpy   0x0800d61c       0x1c /opt/st/stm32cubeide_1.16.0/plugins/com.st.stm32cube.ide.mcu.externaltools.gnu-tools-for-stm32.12.3.rel1.linux64_1.0.200.202406132123/tools/bin/../lib/gcc/arm-none-eabi/12.3.1/../../../../arm-none-eabi/lib/thumb/v7e-m+fp/hard/libc_nano.a(libc_a-memcpy-stub.o)
                0x0800d61c                memcpy
 .text._free_r  0x0800d638       0x94 /opt/st/stm32cubeide_1.16.0/plugins/com.st.stm32cube.ide.mcu.externaltools.gnu-tools-for-stm32.12.3.rel1.linux64_1.0.200.202406132123/tools/bin/../lib/gcc/arm-none-eabi/12.3.1/../../../../arm-none-eabi/lib/thumb/v7e-m+fp/hard/libc_nano.a(libc_a-freer.o)
                0x0800d638                _free_r
 *(.glue_7)
 .glue_7        0x0800d6cc        0x0 linker stubs
 *(.glue_7t)
 .glue_7t       0x0800d6cc        0x0 linker stubs
 *(.eh_frame)
 .eh_frame      0x0800d6cc        0x0 /opt/st/stm32cubeide_1.16.0/plugins/com.st.stm32cube.ide.mcu.externaltools.gnu-tools-for-stm32.12.3.rel1.linux64_1.0.200.202406132123/tools/bin/../lib/gcc/arm-none-eabi/12.3.1/thumb/v7e-m+fp/hard/crtbegin.o
 *(.init)
 .init          0x0800d6cc        0x4 /opt/st/stm32cubeide_1.16.0/plugins/com.st.stm32cube.ide.mcu.externaltools.gnu-tools-for-stm32.12.3.rel1.linux64_1.0.200.202406132123/tools/bin/../lib/gcc/arm-none-eabi/12.3.1/thumb/v7e-m+fp/hard/crti.o
                0x0800d6cc                _init
 .init          0x0800d6d0        0x8 /opt/st/stm32cubeide_1.16.0/plugins/com.st.stm32cube.ide.mcu.externaltools.gnu-tools-for-stm32.12.3.rel1.linux64_1.0.200.202406132123/tools/bin/../lib/gcc/arm-none-eabi/12.3.1/thumb/v7e-m+fp/hard/crtn.o
 *(.fini)
 .fini          0x0800d6d8        0x4 /opt/st/stm32cubeide_1.16.0/plugins/com.st.stm32cube.ide.mcu.externaltools.gnu-tools-for-stm32.12.3.rel1.linux64_1.0.200.202406132123/tools/bin/../lib/gcc/arm-none-eabi/12.3.1/thumb/v7e-m+fp/hard/crti.o
                0x0800d6d8                _fini
 .fini          0x0800d6dc        0x8 /opt/st/stm32cubeide_1.16.0/plugins/com.st.stm32cube.ide.mcu.externaltools.gnu-tools-for-stm32.12.3.rel1.linux64_1.0.200.202406132123/tools/bin/../lib/gcc/arm-none-eabi/12.3.1/thumb/v7e-m+fp/hard/crtn.o
                0x0800d6e4                        . = ALIGN (0x4)
                0x0800d6e4                        _etext = .

.vfp11_veneer   0x0800d6e4        0x0
 .vfp11_veneer  0x0800d6e4        0x0 linker stubs

.v4_bx          0x0800d6e4        0x0
 .v4_bx         0x0800d6e4        0x0 linker stubs

.iplt           0x0800d6e4        0x0
 .iplt          0x0800d6e4        0x0 /opt/st/stm32cubeide_1.16.0/plugins/com.st.stm32cube.ide.mcu.externaltools.gnu-tools-for-stm32.12.3.rel1.linux64_1.0.200.202406132123/tools/bin/../lib/gcc/arm-none-eabi/12.3.1/thumb/v7e-m+fp/hard/crtbegin.o

.rodata         0x0800d6e4   0x10c5cc
                0x0800d6e4                        . = ALIGN (0x4)
 *(.rodata)
 .rodata        0x0800d6e4       0x2e ./Core/Src/main.o
 *fill*         0x0800d712        0x2 
 .rodata        0x0800d714        0x4 ./Middlewares/ST/STM32_USB_Host_Library/Class/CDC/Src/usbh_cdc.o
 .rodata        0x0800d718       0x38 ./Middlewares/ST/STM32_USB_Host_Library/Core/Src/usbh_core.o
 .rodata        0x0800d750        0x5 ./Middlewares/Third_Party/FreeRTOS/Source/tasks.o
 *(.rodata*)
 *fill*         0x0800d755        0x3 
 .rodata.ble_data
                0x0800d758   0x10c540 ./Core/Src/bin_ble.o
                0x0800d758                ble_data
 .rodata.AHBPrescTable
                0x08119c98       0x10 ./Core/Src/system_stm32f4xx.o
                0x08119c98                AHBPrescTable
 .rodata.APBPrescTable
                0x08119ca8        0x8 ./Core/Src/system_stm32f4xx.o
                0x08119ca8                APBPrescTable
                0x08119cb0                        . = ALIGN (0x4)

.ARM.extab      0x08119cb0        0x0
                0x08119cb0                        . = ALIGN (0x4)
 *(.ARM.extab* .gnu.linkonce.armextab.*)
                0x08119cb0                        . = ALIGN (0x4)

.ARM            0x08119cb0        0x8
                0x08119cb0                        . = ALIGN (0x4)
                0x08119cb0                        __exidx_start = .
 *(.ARM.exidx*)
 .ARM.exidx     0x08119cb0        0x8 /opt/st/stm32cubeide_1.16.0/plugins/com.st.stm32cube.ide.mcu.externaltools.gnu-tools-for-stm32.12.3.rel1.linux64_1.0.200.202406132123/tools/bin/../lib/gcc/arm-none-eabi/12.3.1/thumb/v7e-m+fp/hard/libgcc.a(_udivmoddi4.o)
                0x08119cb8                        __exidx_end = .
                0x08119cb8                        . = ALIGN (0x4)

.preinit_array  0x08119cb8        0x0
                0x08119cb8                        . = ALIGN (0x4)
                0x08119cb8                        PROVIDE (__preinit_array_start = .)
 *(.preinit_array*)
                0x08119cb8                        PROVIDE (__preinit_array_end = .)
                0x08119cb8                        . = ALIGN (0x4)

.init_array     0x08119cb8        0x4
                0x08119cb8                        . = ALIGN (0x4)
                0x08119cb8                        PROVIDE (__init_array_start = .)
 *(SORT_BY_NAME(.init_array.*))
 *(.init_array*)
 .init_array    0x08119cb8        0x4 /opt/st/stm32cubeide_1.16.0/plugins/com.st.stm32cube.ide.mcu.externaltools.gnu-tools-for-stm32.12.3.rel1.linux64_1.0.200.202406132123/tools/bin/../lib/gcc/arm-none-eabi/12.3.1/thumb/v7e-m+fp/hard/crtbegin.o
                0x08119cbc                        PROVIDE (__init_array_end = .)
                0x08119cbc                        . = ALIGN (0x4)

.fini_array     0x08119cbc        0x4
                0x08119cbc                        . = ALIGN (0x4)
                [!provide]                        PROVIDE (__fini_array_start = .)
 *(SORT_BY_NAME(.fini_array.*))
 *(.fini_array*)
 .fini_array    0x08119cbc        0x4 /opt/st/stm32cubeide_1.16.0/plugins/com.st.stm32cube.ide.mcu.externaltools.gnu-tools-for-stm32.12.3.rel1.linux64_1.0.200.202406132123/tools/bin/../lib/gcc/arm-none-eabi/12.3.1/thumb/v7e-m+fp/hard/crtbegin.o
                [!provide]                        PROVIDE (__fini_array_end = .)
                0x08119cc0                        . = ALIGN (0x4)
                0x08119cc0                        _sidata = LOADADDR (.data)

.rel.dyn        0x08119cc0        0x0
 .rel.iplt      0x08119cc0        0x0 /opt/st/stm32cubeide_1.16.0/plugins/com.st.stm32cube.ide.mcu.externaltools.gnu-tools-for-stm32.12.3.rel1.linux64_1.0.200.202406132123/tools/bin/../lib/gcc/arm-none-eabi/12.3.1/thumb/v7e-m+fp/hard/crtbegin.o

.data           0x20000000       0x80 load address 0x08119cc0
                0x20000000                        . = ALIGN (0x4)
                0x20000000                        _sdata = .
 *(.data)
 *(.data*)
 .data.SystemCoreClock
                0x20000000        0x4 ./Core/Src/system_stm32f4xx.o
                0x20000000                SystemCoreClock
 .data.uwTickPrio
                0x20000004        0x4 ./Drivers/STM32F4xx_HAL_Driver/Src/stm32f4xx_hal.o
                0x20000004                uwTickPrio
 .data.uwTickFreq
                0x20000008        0x1 ./Drivers/STM32F4xx_HAL_Driver/Src/stm32f4xx_hal.o
                0x20000008                uwTickFreq
 *fill*         0x20000009        0x3 
 .data.CDC_Class
                0x2000000c       0x20 ./Middlewares/ST/STM32_USB_Host_Library/Class/CDC/Src/usbh_cdc.o
                0x2000000c                CDC_Class
 .data.uxCriticalNesting
                0x2000002c        0x4 ./Middlewares/Third_Party/FreeRTOS/Source/portable/GCC/ARM_CM4F/port.o
 .data._impure_ptr
                0x20000030        0x4 /opt/st/stm32cubeide_1.16.0/plugins/com.st.stm32cube.ide.mcu.externaltools.gnu-tools-for-stm32.12.3.rel1.linux64_1.0.200.202406132123/tools/bin/../lib/gcc/arm-none-eabi/12.3.1/../../../../arm-none-eabi/lib/thumb/v7e-m+fp/hard/libc_nano.a(libc_a-impure.o)
                0x20000030                _impure_ptr
 .data._impure_data
                0x20000034       0x4c /opt/st/stm32cubeide_1.16.0/plugins/com.st.stm32cube.ide.mcu.externaltools.gnu-tools-for-stm32.12.3.rel1.linux64_1.0.200.202406132123/tools/bin/../lib/gcc/arm-none-eabi/12.3.1/../../../../arm-none-eabi/lib/thumb/v7e-m+fp/hard/libc_nano.a(libc_a-impure.o)
                0x20000034                _impure_data
 *(.RamFunc)
 *(.RamFunc*)
                0x20000080                        . = ALIGN (0x4)
                0x20000080                        _edata = .
                0x08119d40                        _siccmram = LOADADDR (.ccmram)

.igot.plt       0x20000080        0x0 load address 0x08119d40
 .igot.plt      0x20000080        0x0 /opt/st/stm32cubeide_1.16.0/plugins/com.st.stm32cube.ide.mcu.externaltools.gnu-tools-for-stm32.12.3.rel1.linux64_1.0.200.202406132123/tools/bin/../lib/gcc/arm-none-eabi/12.3.1/thumb/v7e-m+fp/hard/crtbegin.o

.ccmram         0x10000000        0x0 load address 0x08119d40
                0x10000000                        . = ALIGN (0x4)
                0x10000000                        _sccmram = .
 *(.ccmram)
 *(.ccmram*)
                0x10000000                        . = ALIGN (0x4)
                0x10000000                        _eccmram = .
                0x10000000                        . = ALIGN (0x4)

.bss            0x20000080     0x8fdc
                0x20000080                        _sbss = .
                0x20000080                        __bss_start__ = _sbss
 *(.bss)
 .bss           0x20000080       0x1c /opt/st/stm32cubeide_1.16.0/plugins/com.st.stm32cube.ide.mcu.externaltools.gnu-tools-for-stm32.12.3.rel1.linux64_1.0.200.202406132123/tools/bin/../lib/gcc/arm-none-eabi/12.3.1/thumb/v7e-m+fp/hard/crtbegin.o
 *(.bss*)
 .bss.xIdleTaskTCBBuffer
                0x2000009c       0x58 ./Core/Src/freertos.o
 .bss.xIdleStack
                0x200000f4      0x200 ./Core/Src/freertos.o
 .bss.hcrc      0x200002f4        0x8 ./Core/Src/main.o
                0x200002f4                hcrc
 .bss.hdma2d    0x200002fc       0x40 ./Core/Src/main.o
                0x200002fc                hdma2d
 .bss.hi2c3     0x2000033c       0x54 ./Core/Src/main.o
                0x2000033c                hi2c3
 .bss.hltdc     0x20000390       0xa8 ./Core/Src/main.o
                0x20000390                hltdc
 .bss.hspi5     0x20000438       0x58 ./Core/Src/main.o
                0x20000438                hspi5
 .bss.htim1     0x20000490       0x48 ./Core/Src/main.o
                0x20000490                htim1
 .bss.huart5    0x200004d8       0x48 ./Core/Src/main.o
                0x200004d8                huart5
 .bss.huart1    0x20000520       0x48 ./Core/Src/main.o
                0x20000520                huart1
 .bss.hsdram1   0x20000568       0x34 ./Core/Src/main.o
                0x20000568                hsdram1
 .bss.defaultTaskHandle
                0x2000059c        0x4 ./Core/Src/main.o
                0x2000059c                defaultTaskHandle
 .bss.flashstate
                0x200005a0        0x4 ./Core/Src/main.o
                0x200005a0                flashstate
 .bss.FMC_Initialized
                0x200005a4        0x4 ./Core/Src/stm32f4xx_hal_msp.o
 .bss.htim6     0x200005a8       0x48 ./Core/Src/stm32f4xx_hal_timebase_tim.o
                0x200005a8                htim6
 .bss.__sbrk_heap_end
                0x200005f0        0x4 ./Core/Src/sysmem.o
 .bss.uwTick    0x200005f4        0x4 ./Drivers/STM32F4xx_HAL_Driver/Src/stm32f4xx_hal.o
                0x200005f4                uwTick
 .bss.pxCurrentTCB
                0x200005f8        0x4 ./Middlewares/Third_Party/FreeRTOS/Source/tasks.o
                0x200005f8                pxCurrentTCB
 .bss.pxReadyTasksLists
                0x200005fc       0x8c ./Middlewares/Third_Party/FreeRTOS/Source/tasks.o
 .bss.xDelayedTaskList1
                0x20000688       0x14 ./Middlewares/Third_Party/FreeRTOS/Source/tasks.o
 .bss.xDelayedTaskList2
                0x2000069c       0x14 ./Middlewares/Third_Party/FreeRTOS/Source/tasks.o
 .bss.pxDelayedTaskList
                0x200006b0        0x4 ./Middlewares/Third_Party/FreeRTOS/Source/tasks.o
 .bss.pxOverflowDelayedTaskList
                0x200006b4        0x4 ./Middlewares/Third_Party/FreeRTOS/Source/tasks.o
 .bss.xPendingReadyList
                0x200006b8       0x14 ./Middlewares/Third_Party/FreeRTOS/Source/tasks.o
 .bss.xTasksWaitingTermination
                0x200006cc       0x14 ./Middlewares/Third_Party/FreeRTOS/Source/tasks.o
 .bss.uxDeletedTasksWaitingCleanUp
                0x200006e0        0x4 ./Middlewares/Third_Party/FreeRTOS/Source/tasks.o
 .bss.xSuspendedTaskList
                0x200006e4       0x14 ./Middlewares/Third_Party/FreeRTOS/Source/tasks.o
 .bss.uxCurrentNumberOfTasks
                0x200006f8        0x4 ./Middlewares/Third_Party/FreeRTOS/Source/tasks.o
 .bss.xTickCount
                0x200006fc        0x4 ./Middlewares/Third_Party/FreeRTOS/Source/tasks.o
 .bss.uxTopReadyPriority
                0x20000700        0x4 ./Middlewares/Third_Party/FreeRTOS/Source/tasks.o
 .bss.xSchedulerRunning
                0x20000704        0x4 ./Middlewares/Third_Party/FreeRTOS/Source/tasks.o
 .bss.xPendedTicks
                0x20000708        0x4 ./Middlewares/Third_Party/FreeRTOS/Source/tasks.o
 .bss.xYieldPending
                0x2000070c        0x4 ./Middlewares/Third_Party/FreeRTOS/Source/tasks.o
 .bss.xNumOfOverflows
                0x20000710        0x4 ./Middlewares/Third_Party/FreeRTOS/Source/tasks.o
 .bss.uxTaskNumber
                0x20000714        0x4 ./Middlewares/Third_Party/FreeRTOS/Source/tasks.o
 .bss.xNextTaskUnblockTime
                0x20000718        0x4 ./Middlewares/Third_Party/FreeRTOS/Source/tasks.o
 .bss.xIdleTaskHandle
                0x2000071c        0x4 ./Middlewares/Third_Party/FreeRTOS/Source/tasks.o
 .bss.uxSchedulerSuspended
                0x20000720        0x4 ./Middlewares/Third_Party/FreeRTOS/Source/tasks.o
 .bss.ucMaxSysCallPriority
                0x20000724        0x1 ./Middlewares/Third_Party/FreeRTOS/Source/portable/GCC/ARM_CM4F/port.o
 *fill*         0x20000725        0x3 
 .bss.ulMaxPRIGROUPValue
                0x20000728        0x4 ./Middlewares/Third_Party/FreeRTOS/Source/portable/GCC/ARM_CM4F/port.o
 .bss.ucHeap    0x2000072c     0x8000 ./Middlewares/Third_Party/FreeRTOS/Source/portable/MemMang/heap_4.o
 .bss.xStart    0x2000872c        0x8 ./Middlewares/Third_Party/FreeRTOS/Source/portable/MemMang/heap_4.o
 .bss.pxEnd     0x20008734        0x4 ./Middlewares/Third_Party/FreeRTOS/Source/portable/MemMang/heap_4.o
 .bss.xFreeBytesRemaining
                0x20008738        0x4 ./Middlewares/Third_Party/FreeRTOS/Source/portable/MemMang/heap_4.o
 .bss.xMinimumEverFreeBytesRemaining
                0x2000873c        0x4 ./Middlewares/Third_Party/FreeRTOS/Source/portable/MemMang/heap_4.o
 .bss.xNumberOfSuccessfulAllocations
                0x20008740        0x4 ./Middlewares/Third_Party/FreeRTOS/Source/portable/MemMang/heap_4.o
 .bss.xNumberOfSuccessfulFrees
                0x20008744        0x4 ./Middlewares/Third_Party/FreeRTOS/Source/portable/MemMang/heap_4.o
 .bss.xBlockAllocatedBit
                0x20008748        0x4 ./Middlewares/Third_Party/FreeRTOS/Source/portable/MemMang/heap_4.o
 .bss.hUsbHostHS
                0x2000874c      0x3e4 ./USB_HOST/App/usb_host.o
                0x2000874c                hUsbHostHS
 .bss.Appli_state
                0x20008b30        0x1 ./USB_HOST/App/usb_host.o
                0x20008b30                Appli_state
 *fill*         0x20008b31        0x3 
 .bss.hhcd_USB_OTG_HS
                0x20008b34      0x3e0 ./USB_HOST/Target/usbh_conf.o
                0x20008b34                hhcd_USB_OTG_HS
 .bss.__malloc_sbrk_start
                0x20008f14        0x4 /opt/st/stm32cubeide_1.16.0/plugins/com.st.stm32cube.ide.mcu.externaltools.gnu-tools-for-stm32.12.3.rel1.linux64_1.0.200.202406132123/tools/bin/../lib/gcc/arm-none-eabi/12.3.1/../../../../arm-none-eabi/lib/thumb/v7e-m+fp/hard/libc_nano.a(libc_a-mallocr.o)
                0x20008f14                __malloc_sbrk_start
 .bss.__malloc_free_list
                0x20008f18        0x4 /opt/st/stm32cubeide_1.16.0/plugins/com.st.stm32cube.ide.mcu.externaltools.gnu-tools-for-stm32.12.3.rel1.linux64_1.0.200.202406132123/tools/bin/../lib/gcc/arm-none-eabi/12.3.1/../../../../arm-none-eabi/lib/thumb/v7e-m+fp/hard/libc_nano.a(libc_a-mallocr.o)
                0x20008f18                __malloc_free_list
 .bss.__sf      0x20008f1c      0x138 /opt/st/stm32cubeide_1.16.0/plugins/com.st.stm32cube.ide.mcu.externaltools.gnu-tools-for-stm32.12.3.rel1.linux64_1.0.200.202406132123/tools/bin/../lib/gcc/arm-none-eabi/12.3.1/../../../../arm-none-eabi/lib/thumb/v7e-m+fp/hard/libc_nano.a(libc_a-findfp.o)
                0x20008f1c                __sf
 .bss.errno     0x20009054        0x4 /opt/st/stm32cubeide_1.16.0/plugins/com.st.stm32cube.ide.mcu.externaltools.gnu-tools-for-stm32.12.3.rel1.linux64_1.0.200.202406132123/tools/bin/../lib/gcc/arm-none-eabi/12.3.1/../../../../arm-none-eabi/lib/thumb/v7e-m+fp/hard/libc_nano.a(libc_a-reent.o)
                0x20009054                errno
 .bss.__lock___malloc_recursive_mutex
                0x20009058        0x1 /opt/st/stm32cubeide_1.16.0/plugins/com.st.stm32cube.ide.mcu.externaltools.gnu-tools-for-stm32.12.3.rel1.linux64_1.0.200.202406132123/tools/bin/../lib/gcc/arm-none-eabi/12.3.1/../../../../arm-none-eabi/lib/thumb/v7e-m+fp/hard/libc_nano.a(libc_a-lock.o)
                0x20009058                __lock___malloc_recursive_mutex
 *(COMMON)
                0x2000905c                        . = ALIGN (0x4)
 *fill*         0x20009059        0x3 
                0x2000905c                        _ebss = .
                0x2000905c                        __bss_end__ = _ebss

._user_heap_stack
                0x2000905c      0x604
                0x20009060                        . = ALIGN (0x8)
 *fill*         0x2000905c        0x4 
                [!provide]                        PROVIDE (end = .)
                0x20009060                        PROVIDE (_end = .)
                0x20009260                        . = (. + _Min_Heap_Size)
 *fill*         0x20009060      0x200 
                0x20009660                        . = (. + _Min_Stack_Size)
 *fill*         0x20009260      0x400 
                0x20009660                        . = ALIGN (0x8)

/DISCARD/
 libc.a(*)
 libm.a(*)
 libgcc.a(*)

.ARM.attributes
                0x00000000       0x30
 *(.ARM.attributes)
 .ARM.attributes
                0x00000000       0x22 /opt/st/stm32cubeide_1.16.0/plugins/com.st.stm32cube.ide.mcu.externaltools.gnu-tools-for-stm32.12.3.rel1.linux64_1.0.200.202406132123/tools/bin/../lib/gcc/arm-none-eabi/12.3.1/thumb/v7e-m+fp/hard/crti.o
 .ARM.attributes
                0x00000022       0x34 /opt/st/stm32cubeide_1.16.0/plugins/com.st.stm32cube.ide.mcu.externaltools.gnu-tools-for-stm32.12.3.rel1.linux64_1.0.200.202406132123/tools/bin/../lib/gcc/arm-none-eabi/12.3.1/thumb/v7e-m+fp/hard/crtbegin.o
 .ARM.attributes
                0x00000056       0x34 ./Core/Src/bin_ble.o
 .ARM.attributes
                0x0000008a       0x34 ./Core/Src/freertos.o
 .ARM.attributes
                0x000000be       0x34 ./Core/Src/main.o
 .ARM.attributes
                0x000000f2       0x34 ./Core/Src/stm32f4xx_hal_msp.o
 .ARM.attributes
                0x00000126       0x34 ./Core/Src/stm32f4xx_hal_timebase_tim.o
 .ARM.attributes
                0x0000015a       0x34 ./Core/Src/stm32f4xx_it.o
 .ARM.attributes
                0x0000018e       0x34 ./Core/Src/sysmem.o
 .ARM.attributes
                0x000001c2       0x34 ./Core/Src/system_stm32f4xx.o
 .ARM.attributes
                0x000001f6       0x21 ./Core/Startup/startup_stm32f429zitx.o
 .ARM.attributes
                0x00000217       0x34 ./Drivers/STM32F4xx_HAL_Driver/Src/stm32f4xx_hal.o
 .ARM.attributes
                0x0000024b       0x34 ./Drivers/STM32F4xx_HAL_Driver/Src/stm32f4xx_hal_cortex.o
 .ARM.attributes
                0x0000027f       0x34 ./Drivers/STM32F4xx_HAL_Driver/Src/stm32f4xx_hal_crc.o
 .ARM.attributes
                0x000002b3       0x34 ./Drivers/STM32F4xx_HAL_Driver/Src/stm32f4xx_hal_dma2d.o
 .ARM.attributes
                0x000002e7       0x34 ./Drivers/STM32F4xx_HAL_Driver/Src/stm32f4xx_hal_gpio.o
 .ARM.attributes
                0x0000031b       0x34 ./Drivers/STM32F4xx_HAL_Driver/Src/stm32f4xx_hal_hcd.o
 .ARM.attributes
                0x0000034f       0x34 ./Drivers/STM32F4xx_HAL_Driver/Src/stm32f4xx_hal_i2c.o
 .ARM.attributes
                0x00000383       0x34 ./Drivers/STM32F4xx_HAL_Driver/Src/stm32f4xx_hal_i2c_ex.o
 .ARM.attributes
                0x000003b7       0x34 ./Drivers/STM32F4xx_HAL_Driver/Src/stm32f4xx_hal_ltdc.o
 .ARM.attributes
                0x000003eb       0x34 ./Drivers/STM32F4xx_HAL_Driver/Src/stm32f4xx_hal_rcc.o
 .ARM.attributes
                0x0000041f       0x34 ./Drivers/STM32F4xx_HAL_Driver/Src/stm32f4xx_hal_rcc_ex.o
 .ARM.attributes
                0x00000453       0x34 ./Drivers/STM32F4xx_HAL_Driver/Src/stm32f4xx_hal_sdram.o
 .ARM.attributes
                0x00000487       0x34 ./Drivers/STM32F4xx_HAL_Driver/Src/stm32f4xx_hal_spi.o
 .ARM.attributes
                0x000004bb       0x34 ./Drivers/STM32F4xx_HAL_Driver/Src/stm32f4xx_hal_tim.o
 .ARM.attributes
                0x000004ef       0x34 ./Drivers/STM32F4xx_HAL_Driver/Src/stm32f4xx_hal_tim_ex.o
 .ARM.attributes
                0x00000523       0x34 ./Drivers/STM32F4xx_HAL_Driver/Src/stm32f4xx_hal_uart.o
 .ARM.attributes
                0x00000557       0x34 ./Drivers/STM32F4xx_HAL_Driver/Src/stm32f4xx_ll_fmc.o
 .ARM.attributes
                0x0000058b       0x34 ./Drivers/STM32F4xx_HAL_Driver/Src/stm32f4xx_ll_usb.o
 .ARM.attributes
                0x000005bf       0x34 ./Middlewares/ST/STM32_USB_Host_Library/Class/CDC/Src/usbh_cdc.o
 .ARM.attributes
                0x000005f3       0x34 ./Middlewares/ST/STM32_USB_Host_Library/Core/Src/usbh_core.o
 .ARM.attributes
                0x00000627       0x34 ./Middlewares/ST/STM32_USB_Host_Library/Core/Src/usbh_ctlreq.o
 .ARM.attributes
                0x0000065b       0x34 ./Middlewares/ST/STM32_USB_Host_Library/Core/Src/usbh_ioreq.o
 .ARM.attributes
                0x0000068f       0x34 ./Middlewares/ST/STM32_USB_Host_Library/Core/Src/usbh_pipes.o
 .ARM.attributes
                0x000006c3       0x34 ./Middlewares/Third_Party/FreeRTOS/Source/CMSIS_RTOS/cmsis_os.o
 .ARM.attributes
                0x000006f7       0x34 ./Middlewares/Third_Party/FreeRTOS/Source/list.o
 .ARM.attributes
                0x0000072b       0x34 ./Middlewares/Third_Party/FreeRTOS/Source/queue.o
 .ARM.attributes
                0x0000075f       0x34 ./Middlewares/Third_Party/FreeRTOS/Source/tasks.o
 .ARM.attributes
                0x00000793       0x34 ./Middlewares/Third_Party/FreeRTOS/Source/portable/GCC/ARM_CM4F/port.o
 .ARM.attributes
                0x000007c7       0x34 ./Middlewares/Third_Party/FreeRTOS/Source/portable/MemMang/heap_4.o
 .ARM.attributes
                0x000007fb       0x34 ./USB_HOST/App/usb_host.o
 .ARM.attributes
                0x0000082f       0x34 ./USB_HOST/Target/usbh_conf.o
 .ARM.attributes
                0x00000863       0x34 ./USB_HOST/Target/usbh_platform.o
 .ARM.attributes
                0x00000897       0x34 /opt/st/stm32cubeide_1.16.0/plugins/com.st.stm32cube.ide.mcu.externaltools.gnu-tools-for-stm32.12.3.rel1.linux64_1.0.200.202406132123/tools/bin/../lib/gcc/arm-none-eabi/12.3.1/../../../../arm-none-eabi/lib/thumb/v7e-m+fp/hard/libc_nano.a(libc_a-malloc.o)
 .ARM.attributes
                0x000008cb       0x34 /opt/st/stm32cubeide_1.16.0/plugins/com.st.stm32cube.ide.mcu.externaltools.gnu-tools-for-stm32.12.3.rel1.linux64_1.0.200.202406132123/tools/bin/../lib/gcc/arm-none-eabi/12.3.1/../../../../arm-none-eabi/lib/thumb/v7e-m+fp/hard/libc_nano.a(libc_a-mallocr.o)
 .ARM.attributes
                0x000008ff       0x34 /opt/st/stm32cubeide_1.16.0/plugins/com.st.stm32cube.ide.mcu.externaltools.gnu-tools-for-stm32.12.3.rel1.linux64_1.0.200.202406132123/tools/bin/../lib/gcc/arm-none-eabi/12.3.1/../../../../arm-none-eabi/lib/thumb/v7e-m+fp/hard/libc_nano.a(libc_a-mlock.o)
 .ARM.attributes
                0x00000933       0x34 /opt/st/stm32cubeide_1.16.0/plugins/com.st.stm32cube.ide.mcu.externaltools.gnu-tools-for-stm32.12.3.rel1.linux64_1.0.200.202406132123/tools/bin/../lib/gcc/arm-none-eabi/12.3.1/../../../../arm-none-eabi/lib/thumb/v7e-m+fp/hard/libc_nano.a(libc_a-findfp.o)
 .ARM.attributes
                0x00000967       0x34 /opt/st/stm32cubeide_1.16.0/plugins/com.st.stm32cube.ide.mcu.externaltools.gnu-tools-for-stm32.12.3.rel1.linux64_1.0.200.202406132123/tools/bin/../lib/gcc/arm-none-eabi/12.3.1/../../../../arm-none-eabi/lib/thumb/v7e-m+fp/hard/libc_nano.a(libc_a-memset.o)
 .ARM.attributes
                0x0000099b       0x34 /opt/st/stm32cubeide_1.16.0/plugins/com.st.stm32cube.ide.mcu.externaltools.gnu-tools-for-stm32.12.3.rel1.linux64_1.0.200.202406132123/tools/bin/../lib/gcc/arm-none-eabi/12.3.1/../../../../arm-none-eabi/lib/thumb/v7e-m+fp/hard/libc_nano.a(libc_a-reent.o)
 .ARM.attributes
                0x000009cf       0x34 /opt/st/stm32cubeide_1.16.0/plugins/com.st.stm32cube.ide.mcu.externaltools.gnu-tools-for-stm32.12.3.rel1.linux64_1.0.200.202406132123/tools/bin/../lib/gcc/arm-none-eabi/12.3.1/../../../../arm-none-eabi/lib/thumb/v7e-m+fp/hard/libc_nano.a(libc_a-impure.o)
 .ARM.attributes
                0x00000a03       0x34 /opt/st/stm32cubeide_1.16.0/plugins/com.st.stm32cube.ide.mcu.externaltools.gnu-tools-for-stm32.12.3.rel1.linux64_1.0.200.202406132123/tools/bin/../lib/gcc/arm-none-eabi/12.3.1/../../../../arm-none-eabi/lib/thumb/v7e-m+fp/hard/libc_nano.a(libc_a-sbrkr.o)
 .ARM.attributes
                0x00000a37       0x34 /opt/st/stm32cubeide_1.16.0/plugins/com.st.stm32cube.ide.mcu.externaltools.gnu-tools-for-stm32.12.3.rel1.linux64_1.0.200.202406132123/tools/bin/../lib/gcc/arm-none-eabi/12.3.1/../../../../arm-none-eabi/lib/thumb/v7e-m+fp/hard/libc_nano.a(libc_a-errno.o)
 .ARM.attributes
                0x00000a6b       0x34 /opt/st/stm32cubeide_1.16.0/plugins/com.st.stm32cube.ide.mcu.externaltools.gnu-tools-for-stm32.12.3.rel1.linux64_1.0.200.202406132123/tools/bin/../lib/gcc/arm-none-eabi/12.3.1/../../../../arm-none-eabi/lib/thumb/v7e-m+fp/hard/libc_nano.a(libc_a-init.o)
 .ARM.attributes
                0x00000a9f       0x34 /opt/st/stm32cubeide_1.16.0/plugins/com.st.stm32cube.ide.mcu.externaltools.gnu-tools-for-stm32.12.3.rel1.linux64_1.0.200.202406132123/tools/bin/../lib/gcc/arm-none-eabi/12.3.1/../../../../arm-none-eabi/lib/thumb/v7e-m+fp/hard/libc_nano.a(libc_a-lock.o)
 .ARM.attributes
                0x00000ad3       0x34 /opt/st/stm32cubeide_1.16.0/plugins/com.st.stm32cube.ide.mcu.externaltools.gnu-tools-for-stm32.12.3.rel1.linux64_1.0.200.202406132123/tools/bin/../lib/gcc/arm-none-eabi/12.3.1/../../../../arm-none-eabi/lib/thumb/v7e-m+fp/hard/libc_nano.a(libc_a-memcpy-stub.o)
 .ARM.attributes
                0x00000b07       0x34 /opt/st/stm32cubeide_1.16.0/plugins/com.st.stm32cube.ide.mcu.externaltools.gnu-tools-for-stm32.12.3.rel1.linux64_1.0.200.202406132123/tools/bin/../lib/gcc/arm-none-eabi/12.3.1/../../../../arm-none-eabi/lib/thumb/v7e-m+fp/hard/libc_nano.a(libc_a-freer.o)
 .ARM.attributes
                0x00000b3b       0x22 /opt/st/stm32cubeide_1.16.0/plugins/com.st.stm32cube.ide.mcu.externaltools.gnu-tools-for-stm32.12.3.rel1.linux64_1.0.200.202406132123/tools/bin/../lib/gcc/arm-none-eabi/12.3.1/thumb/v7e-m+fp/hard/libgcc.a(_aeabi_uldivmod.o)
 .ARM.attributes
                0x00000b5d       0x34 /opt/st/stm32cubeide_1.16.0/plugins/com.st.stm32cube.ide.mcu.externaltools.gnu-tools-for-stm32.12.3.rel1.linux64_1.0.200.202406132123/tools/bin/../lib/gcc/arm-none-eabi/12.3.1/thumb/v7e-m+fp/hard/libgcc.a(_udivmoddi4.o)
 .ARM.attributes
                0x00000b91       0x22 /opt/st/stm32cubeide_1.16.0/plugins/com.st.stm32cube.ide.mcu.externaltools.gnu-tools-for-stm32.12.3.rel1.linux64_1.0.200.202406132123/tools/bin/../lib/gcc/arm-none-eabi/12.3.1/thumb/v7e-m+fp/hard/libgcc.a(_dvmd_tls.o)
 .ARM.attributes
                0x00000bb3       0x22 /opt/st/stm32cubeide_1.16.0/plugins/com.st.stm32cube.ide.mcu.externaltools.gnu-tools-for-stm32.12.3.rel1.linux64_1.0.200.202406132123/tools/bin/../lib/gcc/arm-none-eabi/12.3.1/thumb/v7e-m+fp/hard/crtn.o
OUTPUT(flasher-keyless.elf elf32-littlearm)
LOAD linker stubs
LOAD /opt/st/stm32cubeide_1.16.0/plugins/com.st.stm32cube.ide.mcu.externaltools.gnu-tools-for-stm32.12.3.rel1.linux64_1.0.200.202406132123/tools/bin/../lib/gcc/arm-none-eabi/12.3.1/../../../../arm-none-eabi/lib/thumb/v7e-m+fp/hard/libc.a
LOAD /opt/st/stm32cubeide_1.16.0/plugins/com.st.stm32cube.ide.mcu.externaltools.gnu-tools-for-stm32.12.3.rel1.linux64_1.0.200.202406132123/tools/bin/../lib/gcc/arm-none-eabi/12.3.1/../../../../arm-none-eabi/lib/thumb/v7e-m+fp/hard/libm.a